=== 실비보험 가입 ===
   네이버: 자동완성 10개 + 연관 0개
   총 고유 검색어: 56개
=== 실비보험 납입중지 ===
   네이버: 자동완성 1개 + 연관 0개
   총 고유 검색어: 15개
=== 실비보험 만기 ===
   네이버: 자동완성 10개 + 연관 0개
   총 고유 검색어: 26개
=== 실비보험 면책기간 ===
   네이버: 자동완성 10개 + 연관 0개
   총 고유 검색어: 32개
=== 실비보험 비급여 ===
   네이버: 자동완성 10개 + 연관 0개
   총 고유 검색어: 27개
=== 실비보험 실효 ===
   네이버: 자동완성 3개 + 연관 0개
   총 고유 검색어: 16개
=== 실비보험 압류 ===
   네이버: 자동완성 5개 + 연관 0개
   총 고유 검색어: 21개
=== 실비보험 다이렉트 ===
   네이버: 자동완성 6개 + 연관 0개
   총 고유 검색어: 27개
=== 실비보험 자기부담금 ===
   네이버: 자동완성 1개 + 연관 0개
   총 고유 검색어: 19개
=== 실비보험 카드결제 ===
   네이버: 자동완성 2개 + 연관 0개
   총 고유 검색어: 17개
=== 실비보험 한도조회 ===
   네이버: 자동완성 1개 + 연관 0개
   총 고유 검색어: 7개
=== 실비보험 비갱신형 ===
   네이버: 자동완성 2개 + 연관 0개
   총 고유 검색어: 17개
