🔗 배선 무결성 검증 중 (고아 허브·매니페스트 정합)...
============================================================
 시스템 배선 정합성 검사 (verify-integrity)
============================================================
 허브(PoliciesBySlug) : 713개
 숫자ID 등록(PoliciesById) : 647개
 registry 정책 : 177개 / 스포크 총 946개

 ── 정보(무해) ──
  · 숫자 ID 없는 허브(slug URL만) : 66개
  · 스포크 없는 허브(스포크 0개) : 536개
  · 빈 허브(qa 0개, 콘텐츠 백로그) : 0개

 ✅ 배선 오류 0개 — 고아 허브·매니페스트 불일치 없음
============================================================
🔍 스포크 품질 검증 중...
============================================
 스포크 품질 검증 결과
============================================
 변경된 스포크 파일 없음 -- 검사 생략, push 허용
 (전체 재검사: CHECK_ALL_SPOKES=1 bash scripts/check-spoke-quality.sh)
🎯 사용자 중심 검증 중 (타이틀↔소제목·버튼 CTA)...
============================================================
 사용자 중심 검사 — 타이틀↔소제목 / 버튼 CTA / 허브-스포크
============================================================

❌ credit-weak-smallbiz-fund
   [타이틀↔소제목] 타이틀의 "열리나" 를 본문이 다루지 않음
      → qa[].q 에 "열리나" 를 다루는 소제목을 넣거나, 타이틀에서 뺀다
   (경고)[허브-스포크] 연결된 스포크 0개 — 허브가 막다른 길
      → registry.ts 에 스포크를 등록하면 체류가 늘고 허브로 권위가 모인다

⚠️  emergency-management-fund
   (경고)[허브-스포크] 연결된 스포크 0개 — 허브가 막다른 길
      → registry.ts 에 스포크를 등록하면 체류가 늘고 허브로 권위가 모인다

❌ innovation-growth-fund
   [타이틀↔소제목] 타이틀의 "바뀐다" 를 본문이 다루지 않음
      → qa[].q 에 "바뀐다" 를 다루는 소제목을 넣거나, 타이틀에서 뺀다
   [타이틀↔소제목] 타이틀의 "아니라면" 를 본문이 다루지 않음
      → qa[].q 에 "아니라면" 를 다루는 소제목을 넣거나, 타이틀에서 뺀다
   [타이틀↔소제목] 타이틀의 "준비하나" 를 본문이 다루지 않음
      → qa[].q 에 "준비하나" 를 다루는 소제목을 넣거나, 타이틀에서 뺀다
   (경고)[허브-스포크] 연결된 스포크 0개 — 허브가 막다른 길
      → registry.ts 에 스포크를 등록하면 체류가 늘고 허브로 권위가 모인다

⚠️  new-start-fund
   (경고)[허브-스포크] 연결된 스포크 0개 — 허브가 막다른 길
      → registry.ts 에 스포크를 등록하면 체류가 늘고 허브로 권위가 모인다

❌ restart-special-fund
   [타이틀↔소제목] 타이틀의 "폐업했다면" 를 본문이 다루지 않음
      → qa[].q 에 "폐업했다면" 를 다루는 소제목을 넣거나, 타이틀에서 뺀다
   [타이틀↔소제목] 타이틀의 "쪽으로" 를 본문이 다루지 않음
      → qa[].q 에 "쪽으로" 를 다루는 소제목을 넣거나, 타이틀에서 뺀다
   [타이틀↔소제목] 타이틀의 "들어가나" 를 본문이 다루지 않음
      → qa[].q 에 "들어가나" 를 다루는 소제목을 넣거나, 타이틀에서 뺀다
   (경고)[허브-스포크] 연결된 스포크 0개 — 허브가 막다른 길
      → registry.ts 에 스포크를 등록하면 체류가 늘고 허브로 권위가 모인다

⚠️  seoul-electric-motorcycle-subsidy
   (경고)[허브-스포크] 연결된 스포크 0개 — 허브가 막다른 길
      → registry.ts 에 스포크를 등록하면 체류가 늘고 허브로 권위가 모인다

❌ small-manufacturer-fund
   [타이틀↔소제목] 타이틀의 "이렇게" 를 본문이 다루지 않음
      → qa[].q 에 "이렇게" 를 다루는 소제목을 넣거나, 타이틀에서 뺀다
   [타이틀↔소제목] 타이틀의 "커지나" 를 본문이 다루지 않음
      → qa[].q 에 "커지나" 를 다루는 소제목을 넣거나, 타이틀에서 뺀다
   (경고)[허브-스포크] 연결된 스포크 0개 — 허브가 막다른 길
      → registry.ts 에 스포크를 등록하면 체류가 늘고 허브로 권위가 모인다

⚠️  youth-employment-linked-fund
   (경고)[허브-스포크] 연결된 스포크 0개 — 허브가 막다른 길
      → registry.ts 에 스포크를 등록하면 체류가 늘고 허브로 권위가 모인다

검사 8개 / 차단 4개 / 경고만 4개
  타이틀↔소제목 9  버튼CTA 0  허브-스포크 8(경고)

============================================================
 사용자 중심 기준 미달 4개 — push 차단
 위 항목을 고치고 다시 push한다. 부피를 늘리지 말고 내용을 맞춘다.
============================================================

🚫 push 차단됨 — 부피를 늘리지 말고 타이틀·버튼을 내용에 맞춘다
   (무시하려면: git push --no-verify)
error: failed to push some refs to 'https://github.com/hyunjun82/jjyu-gov.git'
