🔗 배선 무결성 검증 중 (고아 허브·매니페스트 정합)...
============================================================
 시스템 배선 정합성 검사 (verify-integrity)
============================================================
 허브(PoliciesBySlug) : 306개
 숫자ID 등록(PoliciesById) : 240개
 registry 정책 : 165개 / 스포크 총 877개

 ── 정보(무해) ──
  · 숫자 ID 없는 허브(slug URL만) : 66개
  · 스포크 없는 허브(스포크 0개) : 141개
  · 빈 허브(qa 0개, 콘텐츠 백로그) : 0개

 ✅ 배선 오류 0개 — 고아 허브·매니페스트 불일치 없음
============================================================
🔍 스포크 품질 검증 중...
============================================
 스포크 품질 검증 결과
============================================
 변경된 스포크 파일 없음 -- 검사 생략, push 허용
 (전체 재검사: CHECK_ALL_SPOKES=1 bash scripts/check-spoke-quality.sh)
To https://github.com/hyunjun82/jjyu-gov.git
   42ae1dbd..bb893a0c  main -> main
