🔗 배선 무결성 검증 중 (고아 허브·매니페스트 정합)...
============================================================
 시스템 배선 정합성 검사 (verify-integrity)
============================================================
 허브(PoliciesBySlug) : 716개
 숫자ID 등록(PoliciesById) : 650개
 registry 정책 : 177개 / 스포크 총 949개

 ── 정보(무해) ──
  · 숫자 ID 없는 허브(slug URL만) : 66개
  · 스포크 없는 허브(스포크 0개) : 539개
  · 빈 허브(qa 0개, 콘텐츠 백로그) : 0개

 ✅ 배선 오류 0개 — 고아 허브·매니페스트 불일치 없음
============================================================
🔍 스포크 품질 검증 중...
============================================
 스포크 품질 검증 결과
============================================
 PASS: 3개
 FAIL: 0개  (Format B: 0개 포함)

모든 스포크 품질 통과 -- push 허용
🎯 사용자 중심 검증 중 (타이틀↔소제목·버튼 CTA)...
============================================================
 사용자 중심 검사 — 타이틀↔소제목 / 버튼 CTA / 허브-스포크
============================================================

⚠️  disabled-biz-support-fund
   (경고)[허브-스포크] 연결된 스포크 0개 — 허브가 막다른 길
      → registry.ts 에 스포크를 등록하면 체류가 늘고 허브로 권위가 모인다

⚠️  general-management-stability-fund
   (경고)[허브-스포크] 연결된 스포크 0개 — 허브가 막다른 길
      → registry.ts 에 스포크를 등록하면 체류가 늘고 허브로 권위가 모인다

⚠️  win-win-growth-fund
   (경고)[허브-스포크] 연결된 스포크 0개 — 허브가 막다른 길
      → registry.ts 에 스포크를 등록하면 체류가 늘고 허브로 권위가 모인다

검사 4개 / 차단 0개 / 경고만 3개
  타이틀↔소제목 0  버튼CTA 0  허브-스포크 3(경고)

 ✅ 통과 — 타이틀이 약속한 걸 본문이 다루고, 버튼이 갈 곳으로 간다
👆 클릭 유도 검증 중 (제목 행동성·버튼 슬롯·외부 누수)...
============================================================
 클릭 유도 검사 — 제목 행동성 / 버튼 슬롯 / 외부 누수
============================================================

❌ app/policy/[id]/[spoke]/content/소상공인정책자금/사업계획서.tsx
   [제목 행동성] 제목에 행동 동사가 없음: "소상공인 정책자금 사업계획서, 양식은 어디서 받고 뭘 채우나"
      → 신청·조회·발급·계산·신고 중 이 글이 유도하는 동작을 제목에 넣는다

❌ app/policy/[id]/[spoke]/content/소상공인정책자금/직접대출대리대출.tsx
   [제목 행동성] 제목에 행동 동사가 없음: "소상공인 정책자금 직접대출과 대리대출, 어느 쪽으로 넣어야 하나"
      → 신청·조회·발급·계산·신고 중 이 글이 유도하는 동작을 제목에 넣는다

검사 3개 / 문제 2개
  제목 행동성 2  버튼 슬롯 0  외부 누수 0  종결어미 도배 0

============================================================
 클릭 유도 기준 미달 2개 — push 차단
 정보를 잘 정리한 글이 아니라, 누르게 되는 글이어야 한다.
============================================================

🚫 push 차단됨 — 제목을 행동으로 끝내고 본문 외부링크를 빼라
   (무시하려면: git push --no-verify)
error: failed to push some refs to 'https://github.com/hyunjun82/jjyu-gov.git'
