🔗 배선 무결성 검증 중 (고아 허브·매니페스트 정합)...
============================================================
 시스템 배선 정합성 검사 (verify-integrity)
============================================================
 허브(PoliciesBySlug) : 723개
 숫자ID 등록(PoliciesById) : 657개
 registry 정책 : 193개 / 스포크 총 965개

 ── 정보(무해) ──
  · 숫자 ID 없는 허브(slug URL만) : 66개
  · 스포크 없는 허브(스포크 0개) : 530개
  · 빈 허브(qa 0개, 콘텐츠 백로그) : 0개

 ✅ 배선 오류 0개 — 고아 허브·매니페스트 불일치 없음
============================================================
🔍 스포크 품질 검증 중...
============================================
 스포크 품질 검증 결과
============================================
 PASS: 7개
 FAIL: 0개  (Format B: 0개 포함)

모든 스포크 품질 통과 -- push 허용
🎯 사용자 중심 검증 중 (타이틀↔소제목·버튼 CTA)...
============================================================
 사용자 중심 검사 — 타이틀↔소제목 / 버튼 CTA / 허브-스포크
============================================================
 변경된 정책 파일 없음 — 검사 생략
👆 클릭 유도 검증 중 (제목 행동성·버튼 슬롯·외부 누수)...
============================================================
 클릭 유도 검사 — 제목 행동성 / 버튼 슬롯 / 외부 누수
============================================================

검사 7개 / 문제 0개
  제목 행동성 0  버튼 슬롯 0  외부 누수 0  종결어미 도배 0

 ✅ 통과 — 제목이 행동으로 끝나고, 버튼이 들어가고, 밖으로 안 샌다
🎯 문구·버튼 검증 중 (문구 누락·도배·목적지 분산)...
============================================================
 문구·버튼 검사 — 누를 이유가 버튼 앞에 있는가
============================================================

검사 허브 0개 · 스포크 7개 / 문제 0개
  문구 0 / 카드 0
  문구누락 0  문구도배 0  목적지뭉침 0  딥링크아님 0  어미반복 0  라벨정보형 0  버튼슬롯 0

 ✅ 통과 — 카드마다 누를 이유가 있고, 목적지가 그 행동으로 나뉘어 있다
To https://github.com/hyunjun82/jjyu-gov.git
   8ff66873..ccf63f8c  main -> main
