🔗 배선 무결성 검증 중 (고아 허브·매니페스트 정합)...
============================================================
 시스템 배선 정합성 검사 (verify-integrity)
============================================================
 허브(PoliciesBySlug) : 713개
 숫자ID 등록(PoliciesById) : 647개
 registry 정책 : 177개 / 스포크 총 946개

 ── 정보(무해) ──
  · 숫자 ID 없는 허브(slug URL만) : 66개
  · 스포크 없는 허브(스포크 0개) : 536개
  · 빈 허브(qa 0개, 콘텐츠 백로그) : 0개

 ✅ 배선 오류 0개 — 고아 허브·매니페스트 불일치 없음
============================================================
🔍 스포크 품질 검증 중...
============================================
 스포크 품질 검증 결과
============================================
 변경된 스포크 파일 없음 -- 검사 생략, push 허용
 (전체 재검사: CHECK_ALL_SPOKES=1 bash scripts/check-spoke-quality.sh)
🎯 사용자 중심 검증 중 (타이틀↔소제목·버튼 CTA)...
============================================================
 사용자 중심 검사 — 타이틀↔소제목 / 버튼 CTA / 허브-스포크
============================================================

⚠️  credit-weak-smallbiz-fund
   (경고)[허브-스포크] 연결된 스포크 0개 — 허브가 막다른 길
      → registry.ts 에 스포크를 등록하면 체류가 늘고 허브로 권위가 모인다

⚠️  emergency-management-fund
   (경고)[허브-스포크] 연결된 스포크 0개 — 허브가 막다른 길
      → registry.ts 에 스포크를 등록하면 체류가 늘고 허브로 권위가 모인다

⚠️  innovation-growth-fund
   (경고)[허브-스포크] 연결된 스포크 0개 — 허브가 막다른 길
      → registry.ts 에 스포크를 등록하면 체류가 늘고 허브로 권위가 모인다

⚠️  new-start-fund
   (경고)[허브-스포크] 연결된 스포크 0개 — 허브가 막다른 길
      → registry.ts 에 스포크를 등록하면 체류가 늘고 허브로 권위가 모인다

⚠️  restart-special-fund
   (경고)[허브-스포크] 연결된 스포크 0개 — 허브가 막다른 길
      → registry.ts 에 스포크를 등록하면 체류가 늘고 허브로 권위가 모인다

⚠️  seoul-electric-motorcycle-subsidy
   (경고)[허브-스포크] 연결된 스포크 0개 — 허브가 막다른 길
      → registry.ts 에 스포크를 등록하면 체류가 늘고 허브로 권위가 모인다

⚠️  small-manufacturer-fund
   (경고)[허브-스포크] 연결된 스포크 0개 — 허브가 막다른 길
      → registry.ts 에 스포크를 등록하면 체류가 늘고 허브로 권위가 모인다

⚠️  youth-employment-linked-fund
   (경고)[허브-스포크] 연결된 스포크 0개 — 허브가 막다른 길
      → registry.ts 에 스포크를 등록하면 체류가 늘고 허브로 권위가 모인다

검사 8개 / 차단 0개 / 경고만 8개
  타이틀↔소제목 0  버튼CTA 0  허브-스포크 8(경고)

 ✅ 통과 — 타이틀이 약속한 걸 본문이 다루고, 버튼이 갈 곳으로 간다
👆 클릭 유도 검증 중 (제목 행동성·버튼 슬롯·외부 누수)...
============================================================
 클릭 유도 검사 — 제목 행동성 / 버튼 슬롯 / 외부 누수
============================================================
 변경된 스포크 없음 — 검사 생략
🎯 문구·버튼 검증 중 (문구 누락·도배·목적지 분산)...
============================================================
 문구·버튼 검사 — 누를 이유가 버튼 앞에 있는가
============================================================

검사 8개 / 문제 0개
  문구 57 / 카드 57
  문구누락 0  문구도배 0  목적지뭉침 0  딥링크아님 0  어미반복 0  라벨정보형 0

 ✅ 통과 — 카드마다 누를 이유가 있고, 목적지가 그 행동으로 나뉘어 있다
📋 콘텐츠 품질 Q1~Q13 검증 중...
   ✅ 8개 통과
To https://github.com/hyunjun82/jjyu-gov.git
   08704fa3..12f70bee  main -> main
