🔗 배선 무결성 검증 중 (고아 허브·매니페스트 정합)...
============================================================
 시스템 배선 정합성 검사 (verify-integrity)
============================================================
 허브(PoliciesBySlug) : 268개
 숫자ID 등록(PoliciesById) : 202개
 registry 정책 : 162개 / 스포크 총 850개

 ── 정보(무해) ──
  · 숫자 ID 없는 허브(slug URL만) : 66개
  · 스포크 없는 허브(스포크 0개) : 106개
  · 빈 허브(qa 0개, 콘텐츠 백로그) : 0개

 ✅ 배선 오류 0개 — 고아 허브·매니페스트 불일치 없음
============================================================
🔍 스포크 품질 검증 중...
============================================
 스포크 품질 검증 결과
============================================
 PASS: 856개
 FAIL: 0개  (Format B: 0개 포함)

모든 스포크 품질 통과 -- push 허용
To https://github.com/hyunjun82/jjyu-gov.git
   2494cc14..e05dee65  main -> main
