[  117146ms] [ERROR] Failed to load resource: the server responded with a status of 404 (Not Found) @ https://www.k-pass.kr/kpass/introduce/introduceView.do:0
[  117180ms] ReferenceError: $ is not defined
    at https://www.k-pass.kr/kpass/introduce/introduceView.do:17:1
[  117274ms] [ERROR] Failed to load resource: the server responded with a status of 404 (Not Found) @ https://www.k-pass.kr/favicon.ico:0
[  253314ms] [VERBOSE] [DOM] Input elements should have autocomplete attributes (suggested: "new-password"): (More info: https://goo.gl/9p2vKq) %o @ https://www.molit.go.kr/USR/policyData/m_34681/dtl.jsp?id=4582:0
[  260126ms] [VERBOSE] [DOM] Input elements should have autocomplete attributes (suggested: "new-password"): (More info: https://goo.gl/9p2vKq) %o @ https://www.molit.go.kr/USR/policyData/m_34681/dtl.jsp?id=4582:0
[  271710ms] [LOG] www.korea.kr?newsId=148940051 @ https://www.korea.kr/news/policyNewsView.do?newsId=148940051:5896
[  272448ms] [LOG] WARN: Check compatible with eleven Or higher, livereSeq:84 @ https://cdn-city.livere.com/js/embed.dist.js:1
[  272449ms] [LOG] WARN: Check reply count, clientId:YdhARqKS103C4SL8qeKN @ https://cdn-city.livere.com/js/embed.dist.js:1
[  272449ms] [LOG] WARN: livereHooks bridge: registered 8 event mappings @ https://cdn-city.livere.com/js/embed.dist.js:1
[  272609ms] [LOG] AdBlock Off! @ https://www.korea.kr/news/policyNewsView.do?newsId=148940051:6536
[  272933ms] [LOG] Dable DEBUG: Error: Unknown service: korea.kr @ https://static.dable.io/dist/bundles/plugin-IFN7UNWF.js:0
[  292750ms] TypeError: Cannot read properties of undefined (reading 'getAttribute')
    at findCellHeader (https://www.molit.go.kr/js/place2016/mta/2022/common.js:223:24)
    at addCellHeader (https://www.molit.go.kr/js/place2016/mta/2022/common.js:206:34)
    at HTMLDocument.<anonymous> (https://www.molit.go.kr/js/place2016/mta/2022/common.js:254:5)
    at j (https://www.molit.go.kr/js/place2016/mta/2022/jquery-1.11.3.min.js:2:27309)
    at Object.fireWith [as resolveWith] (https://www.molit.go.kr/js/place2016/mta/2022/jquery-1.11.3.min.js:2:28122)
    at m.ready (https://www.molit.go.kr/js/place2016/mta/2022/jquery-1.11.3.min.js:2:29956)
    at HTMLDocument.J (https://www.molit.go.kr/js/place2016/mta/2022/jquery-1.11.3.min.js:2:30322)
[  338940ms] Invalid or unexpected token
[  339631ms] [ERROR] Failed to load resource: the server responded with a status of 404 (Not Found) @ https://home.kepco.co.kr/com/front/NotoSansKR-Regular.woff2:0
[  339675ms] [ERROR] Failed to load resource: the server responded with a status of 404 (Not Found) @ https://home.kepco.co.kr/com/front/NotoSansKR-Regular.woff:0
[  339710ms] [ERROR] Failed to load resource: the server responded with a status of 404 (Not Found) @ https://home.kepco.co.kr/com/front/NotoSansKR-Regular.otf:0
[  398820ms] [ERROR] Failed to load resource: the server responded with a status of 404 (Not Found) @ https://en-ter.co.kr/favicon.ico:0
[  406627ms] [ERROR] Failed to load resource: the server responded with a status of 404 (Not Found) @ https://en-ter.co.kr/ec/intro/introList.do:0
[  407124ms] ReferenceError: Swiper is not defined
    at HTMLDocument.<anonymous> (https://en-ter.co.kr/publish/front/js/common.js:882:22)
    at j (https://en-ter.co.kr/publish/front/js/jquery-1.11.3.min.js:2:27309)
    at Object.fireWith [as resolveWith] (https://en-ter.co.kr/publish/front/js/jquery-1.11.3.min.js:2:28122)
    at m.ready (https://en-ter.co.kr/publish/front/js/jquery-1.11.3.min.js:2:29956)
    at HTMLDocument.J (https://en-ter.co.kr/publish/front/js/jquery-1.11.3.min.js:2:30322)
[  417305ms] [WARNING] The key "target-densitydpi" is not supported. @ https://www.motie.go.kr/error/message:9
[  435455ms] [ERROR] Failed to load resource: the server responded with a status of 404 (Not Found) @ https://en-ter.co.kr/ec/board/noticeList.do:0
[  435681ms] ReferenceError: Swiper is not defined
    at HTMLDocument.<anonymous> (https://en-ter.co.kr/publish/front/js/common.js:882:22)
    at j (https://en-ter.co.kr/publish/front/js/jquery-1.11.3.min.js:2:27309)
    at Object.fireWith [as resolveWith] (https://en-ter.co.kr/publish/front/js/jquery-1.11.3.min.js:2:28122)
    at m.ready (https://en-ter.co.kr/publish/front/js/jquery-1.11.3.min.js:2:29956)
    at HTMLDocument.J (https://en-ter.co.kr/publish/front/js/jquery-1.11.3.min.js:2:30322)
[  443885ms] [WARNING] Notifications permission has been blocked as the user has ignored the permission prompt several times. This can be reset in Page Info which can be accessed by clicking the tune icon next to the URL. See https://www.chromestatus.com/feature/6443143280984064 for more information. @ https://www.korea.kr/news/policyNewsView.do?newsId=148963017:1166
[  443885ms] [LOG] 푸시 차단 @ https://www.korea.kr/jsV5/fcm_common.js?time=202605162013:75
[  444610ms] [LOG] www.korea.kr?newsId=148963017 @ https://www.korea.kr/news/policyNewsView.do?newsId=148963017:6269
[  444757ms] [LOG] AdBlock Off! @ https://www.korea.kr/news/policyNewsView.do?newsId=148963017:6909
[  445317ms] [LOG] WARN: Check compatible with eleven Or higher, livereSeq:84 @ https://cdn-city.livere.com/js/embed.dist.js:1
[  445317ms] [LOG] WARN: Check reply count, clientId:YdhARqKS103C4SL8qeKN @ https://cdn-city.livere.com/js/embed.dist.js:1
[  445317ms] [LOG] WARN: livereHooks bridge: registered 8 event mappings @ https://cdn-city.livere.com/js/embed.dist.js:1
[  445593ms] [LOG] Dable DEBUG: Error: Unknown service: korea.kr @ https://static.dable.io/dist/bundles/plugin-IFN7UNWF.js:0
[  455713ms] [WARNING] The key "target-densitydpi" is not supported. @ https://www.motie.go.kr/error/message:9
[  463443ms] [ERROR] Failed to load resource: the server responded with a status of 404 (Not Found) @ https://www.motie.go.kr/kor/search/list.do?keyword=%EC%97%90%EB%84%88%EC%A7%80%EC%BA%90%EC%8B%9C%EB%B0%B1&type=100&period=all&sDate=&eDate=:0
[  463450ms] [WARNING] The key "target-densitydpi" is not supported. @ https://www.motie.go.kr/kor/search/list.do?keyword=%EC%97%90%EB%84%88%EC%A7%80%EC%BA%90%EC%8B%9C%EB%B0%B1&type=100&period=all&sDate=&eDate=:9
[  476146ms] [ERROR] Failed to load resource: the server responded with a status of 404 (Not Found) @ https://home.kepco.co.kr/kepco/PR/notice/A/boardView.do?boardSeq=21131540&menuCd=FN06030101:0
[  585726ms] [LOG] 24 @ https://www.kead.or.kr/js/common/jquery.wvtex.util.js:1010
[  597205ms] [LOG] 24 @ https://www.kead.or.kr/js/common/jquery.wvtex.util.js:1010
[  600097ms] [LOG] 24 @ https://www.kead.or.kr/js/common/jquery.wvtex.util.js:1010
[  610993ms] [LOG] 24 @ https://www.kead.or.kr/js/common/jquery.wvtex.util.js:1010
[  625615ms] [LOG] 24 @ https://www.kead.or.kr/js/common/jquery.wvtex.util.js:1010
[  640680ms] [WARNING] Mixed Content: The page at 'https://www.kosaf.go.kr/ko/loan.do?pg=loan04_06_01' was loaded over HTTPS, but requested an insecure element 'http://www.kosaf.go.kr/images/common/logo01.gif'. This request was automatically upgraded to HTTPS, For more information see https://blog.chromium.org/2019/10/no-more-mixed-messages-about-https.html @ https://www.kosaf.go.kr/ko/loan.do?pg=loan04_06_01:0
[  640681ms] [WARNING] Mixed Content: The page at 'https://www.kosaf.go.kr/ko/loan.do?pg=loan04_06_01' was loaded over HTTPS, but requested an insecure element 'http://www.kosaf.go.kr/images/common/error_text01.gif'. This request was automatically upgraded to HTTPS, For more information see https://blog.chromium.org/2019/10/no-more-mixed-messages-about-https.html @ https://www.kosaf.go.kr/ko/loan.do?pg=loan04_06_01:0
[  640681ms] [WARNING] Mixed Content: The page at 'https://www.kosaf.go.kr/ko/loan.do?pg=loan04_06_01' was loaded over HTTPS, but requested an insecure element 'http://www.kosaf.go.kr/images/common/btn/btn_before03.gif'. This request was automatically upgraded to HTTPS, For more information see https://blog.chromium.org/2019/10/no-more-mixed-messages-about-https.html @ https://www.kosaf.go.kr/ko/loan.do?pg=loan04_06_01:0
[  640692ms] [WARNING] Mixed Content: The page at 'https://www.kosaf.go.kr/ko/loan.do?pg=loan04_06_01' was loaded over HTTPS, but requested an insecure element 'http://www.kosaf.go.kr/images/common/logo01.gif'. This request was automatically upgraded to HTTPS, For more information see https://blog.chromium.org/2019/10/no-more-mixed-messages-about-https.html @ https://www.kosaf.go.kr/ko/loan.do?pg=loan04_06_01:46
[  640692ms] [WARNING] Mixed Content: The page at 'https://www.kosaf.go.kr/ko/loan.do?pg=loan04_06_01' was loaded over HTTPS, but requested an insecure element 'http://www.kosaf.go.kr/images/common/error_text01.gif'. This request was automatically upgraded to HTTPS, For more information see https://blog.chromium.org/2019/10/no-more-mixed-messages-about-https.html @ https://www.kosaf.go.kr/ko/loan.do?pg=loan04_06_01:46
[  640692ms] [WARNING] Mixed Content: The page at 'https://www.kosaf.go.kr/ko/loan.do?pg=loan04_06_01' was loaded over HTTPS, but requested an insecure element 'http://www.kosaf.go.kr/images/common/btn/btn_before03.gif'. This request was automatically upgraded to HTTPS, For more information see https://blog.chromium.org/2019/10/no-more-mixed-messages-about-https.html @ https://www.kosaf.go.kr/ko/loan.do?pg=loan04_06_01:46
[  640696ms] [WARNING] Mixed Content: The page at 'https://www.kosaf.go.kr/ko/loan.do?pg=loan04_06_01' was loaded over HTTPS, but requested an insecure element 'http://www.kosaf.go.kr/images/common/error_bg01.gif'. This request was automatically upgraded to HTTPS, For more information see https://blog.chromium.org/2019/10/no-more-mixed-messages-about-https.html @ https://www.kosaf.go.kr/ko/loan.do?pg=loan04_06_01:0
[  653988ms] [WARNING] Mixed Content: The page at 'https://www.kosaf.go.kr/ko/loan.do?pg=loan04_01_01' was loaded over HTTPS, but requested an insecure element 'http://www.kosaf.go.kr/images/common/logo01.gif'. This request was automatically upgraded to HTTPS, For more information see https://blog.chromium.org/2019/10/no-more-mixed-messages-about-https.html @ https://www.kosaf.go.kr/ko/loan.do?pg=loan04_01_01:0
[  653989ms] [WARNING] Mixed Content: The page at 'https://www.kosaf.go.kr/ko/loan.do?pg=loan04_01_01' was loaded over HTTPS, but requested an insecure element 'http://www.kosaf.go.kr/images/common/error_text01.gif'. This request was automatically upgraded to HTTPS, For more information see https://blog.chromium.org/2019/10/no-more-mixed-messages-about-https.html @ https://www.kosaf.go.kr/ko/loan.do?pg=loan04_01_01:0
[  653989ms] [WARNING] Mixed Content: The page at 'https://www.kosaf.go.kr/ko/loan.do?pg=loan04_01_01' was loaded over HTTPS, but requested an insecure element 'http://www.kosaf.go.kr/images/common/btn/btn_before03.gif'. This request was automatically upgraded to HTTPS, For more information see https://blog.chromium.org/2019/10/no-more-mixed-messages-about-https.html @ https://www.kosaf.go.kr/ko/loan.do?pg=loan04_01_01:0
[  653996ms] [WARNING] Mixed Content: The page at 'https://www.kosaf.go.kr/ko/loan.do?pg=loan04_01_01' was loaded over HTTPS, but requested an insecure element 'http://www.kosaf.go.kr/images/common/logo01.gif'. This request was automatically upgraded to HTTPS, For more information see https://blog.chromium.org/2019/10/no-more-mixed-messages-about-https.html @ https://www.kosaf.go.kr/ko/loan.do?pg=loan04_01_01:46
[  653996ms] [WARNING] Mixed Content: The page at 'https://www.kosaf.go.kr/ko/loan.do?pg=loan04_01_01' was loaded over HTTPS, but requested an insecure element 'http://www.kosaf.go.kr/images/common/error_text01.gif'. This request was automatically upgraded to HTTPS, For more information see https://blog.chromium.org/2019/10/no-more-mixed-messages-about-https.html @ https://www.kosaf.go.kr/ko/loan.do?pg=loan04_01_01:46
[  653996ms] [WARNING] Mixed Content: The page at 'https://www.kosaf.go.kr/ko/loan.do?pg=loan04_01_01' was loaded over HTTPS, but requested an insecure element 'http://www.kosaf.go.kr/images/common/btn/btn_before03.gif'. This request was automatically upgraded to HTTPS, For more information see https://blog.chromium.org/2019/10/no-more-mixed-messages-about-https.html @ https://www.kosaf.go.kr/ko/loan.do?pg=loan04_01_01:46
[  653997ms] [WARNING] Mixed Content: The page at 'https://www.kosaf.go.kr/ko/loan.do?pg=loan04_01_01' was loaded over HTTPS, but requested an insecure element 'http://www.kosaf.go.kr/images/common/error_bg01.gif'. This request was automatically upgraded to HTTPS, For more information see https://blog.chromium.org/2019/10/no-more-mixed-messages-about-https.html @ https://www.kosaf.go.kr/ko/loan.do?pg=loan04_01_01:46
[  664537ms] [WARNING] Swiper Loop Warning: The number of slides is not enough for loop mode, it will be disabled and not function properly. You need to add more slides (or make duplicates) or lower the values of slidesPerView and slidesPerGroup parameters @ https://static.kosaf.go.kr/www/js/main_202408/swiper-bundle.min.js:12
[  664548ms] [WARNING] Swiper Loop Warning: The number of slides is not enough for loop mode, it will be disabled and not function properly. You need to add more slides (or make duplicates) or lower the values of slidesPerView and slidesPerGroup parameters @ https://static.kosaf.go.kr/www/js/main_202408/swiper-bundle.min.js:12
[  668547ms] [WARNING] Swiper Loop Warning: The number of slides is not enough for loop mode, it will be disabled and not function properly. You need to add more slides (or make duplicates) or lower the values of slidesPerView and slidesPerGroup parameters @ https://static.kosaf.go.kr/www/js/main_202408/swiper-bundle.min.js:12
[  668552ms] [WARNING] Swiper Loop Warning: The number of slides is not enough for loop mode, it will be disabled and not function properly. You need to add more slides (or make duplicates) or lower the values of slidesPerView and slidesPerGroup parameters @ https://static.kosaf.go.kr/www/js/main_202408/swiper-bundle.min.js:12
[  672786ms] [WARNING] LNB Auto-open: .lnb-list container not found @ https://static.kosaf.go.kr/www/js/krds_org/dbSystem/ui-pattern-script.js:2326
[  682310ms] [WARNING] LNB Auto-open: .lnb-list container not found @ https://static.kosaf.go.kr/www/js/krds_org/dbSystem/ui-pattern-script.js:2326
[  694157ms] Unexpected token '<'
[  694358ms] [WARNING] JQMIGRATE: jQuery.fn.toggle(handler, handler...) is deprecated @ https://www.mafra.go.kr/Web-home/js/jquery-migrate-1.2.1.js:0
[  747937ms] [WARNING] JQMIGRATE: jQuery.fn.toggle(handler, handler...) is deprecated @ https://www.mafra.go.kr/Web-home/js/jquery-migrate-1.2.1.js:0
[  856923ms] [LOG] eXbuilder6 Runtime Version: 1.0.4841, Release Date: 2024. 1. 2. 오전 10:55:15 @ https://www.bokjiro.go.kr/ssis-tbu/ui/runtime/cleopatra.js:0
[  857080ms] [LOG] #### Google Tag Manager : hostname ####>www.bokjiro.go.kr @ https://www.bokjiro.go.kr/ssis-tbu/ui/runtime/conf/defaults.js:25
[  896291ms] [ERROR] Failed to load resource: the server responded with a status of 404 () @ https://www.krc.or.kr/service/farm/sub04.do:0
[  910220ms] [ERROR] Failed to load resource: the server responded with a status of 404 (Not Found) @ https://www.apfs.kr/front/pgm/prm/prm01100M/list.do?pid=prm01100M:0
[  910248ms] [WARNING] The key "target-densitydpi" is not supported. @ https://www.apfs.kr/front/pgm/prm/prm01100M/list.do?pid=prm01100M:9
[  910267ms] [ERROR] Refused to apply style from 'https://www.apfs.kr/front/css/front/error.css' because its MIME type ('text/html') is not a supported stylesheet MIME type, and strict MIME checking is enabled. @ https://www.apfs.kr/front/pgm/prm/prm01100M/list.do?pid=prm01100M:0
[  910268ms] [ERROR] Refused to apply style from 'https://www.apfs.kr/front/css/front/nanumgothic.css' because its MIME type ('text/html') is not a supported stylesheet MIME type, and strict MIME checking is enabled. @ https://www.apfs.kr/front/pgm/prm/prm01100M/list.do?pid=prm01100M:0
[  910291ms] [ERROR] Refused to apply style from 'https://www.apfs.kr/front/css/front/default.css' because its MIME type ('text/html') is not a supported stylesheet MIME type, and strict MIME checking is enabled. @ https://www.apfs.kr/front/pgm/prm/prm01100M/list.do?pid=prm01100M:0
[  910293ms] [ERROR] Refused to apply style from 'https://www.apfs.kr/front/css/front/common.css' because its MIME type ('text/html') is not a supported stylesheet MIME type, and strict MIME checking is enabled. @ https://www.apfs.kr/front/pgm/prm/prm01100M/list.do?pid=prm01100M:0
[  910552ms] [ERROR] Failed to load resource: the server responded with a status of 404 (Not Found) @ https://www.apfs.kr/favicon.ico:0
[  922399ms] [ERROR] Failed to load resource: the server responded with a status of 404 (Not Found) @ https://www.apfs.kr/images/common/icon_search01.png:0
[  922551ms] [LOG] 새로고침 @ https://www.apfs.kr/front/user/main.do:166
[  923139ms] [ERROR] Failed to load resource: the server responded with a status of 404 (Not Found) @ https://www.apfs.kr/images/common/icon_search01.png:0
[  961669ms] [ERROR] Failed to load resource: the server responded with a status of 406 (Not Acceptable) @ https://www.nhis.or.kr/nhis/policy/wbhada09000m01.do:0
[  996181ms] [ERROR] Failed to load resource: the server responded with a status of 404 (Not Found) @ https://www.nhis.or.kr/nhis/search/wbhabs00100m01.do?searchkeyword=%EB%B3%B4%EC%A1%B0%EA%B8%B0%EA%B8%B0:0
[ 1119811ms] [ERROR] Failed to load resource: the server responded with a status of 404 (Not Found) @ https://www.nhis.or.kr/nhis/search/search.do?query=%EB%B3%B4%EC%A1%B0%EA%B8%B0%EA%B8%B0+%EA%B8%89%EC%97%AC&menuId=:0
[ 1142697ms] [ERROR] Failed to load resource: the server responded with a status of 404 (Not Found) @ https://www.nhis.or.kr/static/js/browser_check.js:0
[ 1190495ms] [ERROR] Failed to load resource: the server responded with a status of 404 (Not Found) @ https://www.nhis.or.kr/static/js/browser_check.js:0
[ 1228304ms] [WARNING] JQMIGRATE: jQuery.fn.toggle(handler, handler...) is deprecated @ https://www.mafra.go.kr/Web-home/js/jquery-migrate-1.2.1.js:0
[ 1241007ms] [WARNING] Mixed Content: The page at 'https://www.korea.kr/news/policyNewsView.do?newsId=148931163' was loaded over HTTPS, but requested an insecure element 'http://www.korea.kr/goNewsRes/attaches/innods/images/000193/3-5-2.gif'. This request was automatically upgraded to HTTPS, For more information see https://blog.chromium.org/2019/10/no-more-mixed-messages-about-https.html @ https://www.korea.kr/news/policyNewsView.do?newsId=148931163:0
[ 1241412ms] [LOG] 푸시 차단 @ https://www.korea.kr/jsV5/fcm_common.js?time=202605162026:75
[ 1241413ms] [WARNING] Notifications permission has been blocked as the user has ignored the permission prompt several times. This can be reset in Page Info which can be accessed by clicking the tune icon next to the URL. See https://www.chromestatus.com/feature/6443143280984064 for more information. @ https://www.korea.kr/news/policyNewsView.do?newsId=148931163:1166
[ 1241721ms] [WARNING] Mixed Content: The page at 'https://www.korea.kr/news/policyNewsView.do?newsId=148931163' was loaded over HTTPS, but requested an insecure element 'http://www.korea.kr/goNewsRes/attaches/innods/images/000193/3-5-2.gif'. This request was automatically upgraded to HTTPS, For more information see https://blog.chromium.org/2019/10/no-more-mixed-messages-about-https.html @ https://www.korea.kr/news/policyNewsView.do?newsId=148931163:5506
[ 1241723ms] [LOG] www.korea.kr?newsId=148931163 @ https://www.korea.kr/news/policyNewsView.do?newsId=148931163:5854
[ 1241998ms] [LOG] AdBlock Off! @ https://www.korea.kr/news/policyNewsView.do?newsId=148931163:6488
[ 1242486ms] [LOG] WARN: Check compatible with eleven Or higher, livereSeq:84 @ https://cdn-city.livere.com/js/embed.dist.js:1
[ 1242486ms] [LOG] WARN: Check reply count, clientId:YdhARqKS103C4SL8qeKN @ https://cdn-city.livere.com/js/embed.dist.js:1
[ 1242487ms] [LOG] WARN: livereHooks bridge: registered 8 event mappings @ https://cdn-city.livere.com/js/embed.dist.js:1
[ 1242635ms] [LOG] Dable DEBUG: Error: Unknown service: korea.kr @ https://static.dable.io/dist/bundles/plugin-IFN7UNWF.js:0
[ 1292027ms] [WARNING] Mixed Content: The page at 'https://www.korea.kr/multi/visualNewsView.do?newsId=148943169' was loaded over HTTPS, but requested an insecure element 'http://www.korea.kr/goNewsRes/attaches/innods/images/000228/3_180_1.jpg'. This request was automatically upgraded to HTTPS, For more information see https://blog.chromium.org/2019/10/no-more-mixed-messages-about-https.html @ https://www.korea.kr/multi/visualNewsView.do?newsId=148943169:0
[ 1292027ms] [WARNING] Mixed Content: The page at 'https://www.korea.kr/multi/visualNewsView.do?newsId=148943169' was loaded over HTTPS, but requested an insecure element 'http://www.korea.kr/goNewsRes/attaches/innods/images/000232/3_180_2_1.png'. This request was automatically upgraded to HTTPS, For more information see https://blog.chromium.org/2019/10/no-more-mixed-messages-about-https.html @ https://www.korea.kr/multi/visualNewsView.do?newsId=148943169:0
[ 1292422ms] [WARNING] Notifications permission has been blocked as the user has ignored the permission prompt several times. This can be reset in Page Info which can be accessed by clicking the tune icon next to the URL. See https://www.chromestatus.com/feature/6443143280984064 for more information. @ https://www.korea.kr/multi/visualNewsView.do?newsId=148943169:1305
[ 1292423ms] [LOG] 푸시 차단 @ https://www.korea.kr/jsV5/fcm_common.js?time=202605162027:75
[ 1292799ms] [WARNING] Mixed Content: The page at 'https://www.korea.kr/multi/visualNewsView.do?newsId=148943169' was loaded over HTTPS, but requested an insecure element 'http://www.korea.kr/goNewsRes/attaches/innods/images/000228/3_180_1.jpg'. This request was automatically upgraded to HTTPS, For more information see https://blog.chromium.org/2019/10/no-more-mixed-messages-about-https.html @ https://www.korea.kr/multi/visualNewsView.do?newsId=148943169:5547
[ 1292799ms] [WARNING] Mixed Content: The page at 'https://www.korea.kr/multi/visualNewsView.do?newsId=148943169' was loaded over HTTPS, but requested an insecure element 'http://www.korea.kr/goNewsRes/attaches/innods/images/000232/3_180_2_1.png'. This request was automatically upgraded to HTTPS, For more information see https://blog.chromium.org/2019/10/no-more-mixed-messages-about-https.html @ https://www.korea.kr/multi/visualNewsView.do?newsId=148943169:5547
[ 1292802ms] [LOG] www.korea.kr?newsId=148943169 @ https://www.korea.kr/multi/visualNewsView.do?newsId=148943169:5912
[ 1293246ms] [LOG] AdBlock Off! @ https://www.korea.kr/multi/visualNewsView.do?newsId=148943169:6546
[ 1293704ms] [LOG] WARN: Check compatible with eleven Or higher, livereSeq:84 @ https://cdn-city.livere.com/js/embed.dist.js:1
[ 1293705ms] [LOG] WARN: Check reply count, clientId:YdhARqKS103C4SL8qeKN @ https://cdn-city.livere.com/js/embed.dist.js:1
[ 1293705ms] [LOG] WARN: livereHooks bridge: registered 8 event mappings @ https://cdn-city.livere.com/js/embed.dist.js:1
[ 1293749ms] [LOG] Dable DEBUG: Error: Unknown service: korea.kr @ https://static.dable.io/dist/bundles/plugin-IFN7UNWF.js:0
[ 1362635ms] [ERROR] Failed to load resource: the server responded with a status of 404 (Not Found) @ https://en-ter.co.kr/mb/biz/cash/cust/cashInfo/info.do:0
[ 1395844ms] [WARNING] Failed to decode downloaded font: https://en-ter.co.kr/publish/nc/fonts/noto-sans-kr-v12-korean-regular.woff2 @ https://en-ter.co.kr/ec/apply/info/info.do:0
[ 1395845ms] [WARNING] OTS parsing error: Size of decompressed WOFF 2.0 is less than compressed size @ https://en-ter.co.kr/ec/apply/info/info.do:0
[ 1396072ms] [WARNING] Failed to decode downloaded font: https://en-ter.co.kr/publish/nc/fonts/noto-sans-kr-v12-korean-regular.woff @ https://en-ter.co.kr/ec/apply/info/info.do:0
[ 1396073ms] [WARNING] OTS parsing error: incorrect file size in WOFF header @ https://en-ter.co.kr/ec/apply/info/info.do:0
[ 1396108ms] [ERROR] Failed to load resource: the server responded with a status of 404 (Not Found) @ https://en-ter.co.kr/publish/nc/fonts/noto-sans-kr-v12-korean-regular.ttf:0
[ 1503478ms] [VERBOSE] [DOM] Password field is not contained in a form: (More info: https://goo.gl/9p2vKq) %o @ https://en-ter.co.kr/support/main/main.do:0
[ 1505393ms] [WARNING] <meta name="apple-mobile-web-app-capable" content="yes"> is deprecated. Please include <meta name="mobile-web-app-capable" content="yes"> @ https://en-ter.co.kr/support/main/main.do:0
[ 1516103ms] [ERROR] Failed to load resource: the server responded with a status of 429 () @ https://aem-kakao-collector.onkakao.net/api/13528/envelope/?sentry_version=7&sentry_key=a8db199ab4d9487f97e8df418a9d79a5&sentry_client=sentry.javascript.react%2F8.42.0:0
[ 1517174ms] [ERROR] Refused to display 'https://www.facebook.com/' in a frame because it set 'X-Frame-Options' to 'deny'. @ chrome-error://chromewebdata/:0
[ 1547445ms] [ERROR] Failed to load resource: the server responded with a status of 404 (Not Found) @ https://en-ter.co.kr/support/biz/intro.do:0
[ 1547601ms] ReferenceError: Swiper is not defined
    at HTMLDocument.<anonymous> (https://en-ter.co.kr/publish/front/js/common.js:882:22)
    at j (https://en-ter.co.kr/publish/front/js/jquery-1.11.3.min.js:2:27309)
    at Object.fireWith [as resolveWith] (https://en-ter.co.kr/publish/front/js/jquery-1.11.3.min.js:2:28122)
    at m.ready (https://en-ter.co.kr/publish/front/js/jquery-1.11.3.min.js:2:29956)
    at HTMLDocument.J (https://en-ter.co.kr/publish/front/js/jquery-1.11.3.min.js:2:30322)
[ 1559659ms] [VERBOSE] [DOM] Password field is not contained in a form: (More info: https://goo.gl/9p2vKq) %o @ https://en-ter.co.kr/support/main/main.do:0
[ 1560330ms] [WARNING] <meta name="apple-mobile-web-app-capable" content="yes"> is deprecated. Please include <meta name="mobile-web-app-capable" content="yes"> @ https://en-ter.co.kr/support/main/main.do:0
[ 1572178ms] [WARNING] <meta name="apple-mobile-web-app-capable" content="yes"> is deprecated. Please include <meta name="mobile-web-app-capable" content="yes"> @ https://en-ter.co.kr/support/info/info01/info.do:0
[ 1639583ms] [LOG] /back/layout.jsp @ https://www.moel.go.kr/news/notice/noticeView.do?bbs_seq=20260100030:171
[ 1640815ms] [LOG] 2026년 청년일자리도약장려금 사업운영 지침('26.1월) @ https://www.moel.go.kr/js/commonUI.js?version=1778931195241:903
[ 1640819ms] [LOG] commonUI.appendTitle() : 2026년 청년일자리도약장려금 사업운영 지침('26.1월) | 고용노동부 > 뉴스·소식 > 공지사항 @ https://www.moel.go.kr/js/commonUI.js?version=1778931195241:1015
[ 1684440ms] [WARNING] Notifications permission has been blocked as the user has ignored the permission prompt several times. This can be reset in Page Info which can be accessed by clicking the tune icon next to the URL. See https://www.chromestatus.com/feature/6443143280984064 for more information. @ https://www.korea.kr/news/policyNewsView.do?newsId=148920759:1166
[ 1684441ms] [LOG] 푸시 차단 @ https://www.korea.kr/jsV5/fcm_common.js?time=202605162034:75
[ 1685087ms] [LOG] www.korea.kr?newsId=148920759 @ https://www.korea.kr/news/policyNewsView.do?newsId=148920759:5858
[ 1685276ms] [LOG] AdBlock Off! @ https://www.korea.kr/news/policyNewsView.do?newsId=148920759:6498
[ 1685668ms] [LOG] WARN: Check compatible with eleven Or higher, livereSeq:84 @ https://cdn-city.livere.com/js/embed.dist.js:1
[ 1685668ms] [LOG] WARN: Check reply count, clientId:YdhARqKS103C4SL8qeKN @ https://cdn-city.livere.com/js/embed.dist.js:1
[ 1685668ms] [LOG] WARN: livereHooks bridge: registered 8 event mappings @ https://cdn-city.livere.com/js/embed.dist.js:1
[ 1685826ms] [LOG] Dable DEBUG: Error: Unknown service: korea.kr @ https://static.dable.io/dist/bundles/plugin-IFN7UNWF.js:0
[ 1706172ms] [LOG] go24ScreenMode:  @ https://www.work24.go.kr/cm/c/f/1100/selecSystInfo.do?currentPageNo=1&recordCountPerPage=10&systId=SI00000318&systClId=SC00000117:59
[ 1708000ms] [LOG] - loader start. @ https://www.work24.go.kr/chatbot/res/js/g24hp-cb-loader.js?v=6:6
[ 1708002ms] [LOG] CSS Loaded : G24hp-chatbot-new.css @ https://www.work24.go.kr/chatbot/res/js/g24hp-cb-loader.js?v=6:46
[ 1708003ms] [LOG] JS Loaded : g24hp-cb-client.js?v=2 @ https://www.work24.go.kr/chatbot/res/js/g24hp-cb-loader.js?v=6:64
[ 1708233ms] [VERBOSE] [DOM] Multiple forms should be contained in their own form elements; break up complex forms into ones that represent a single action: (More info: https://goo.gl/9p2vKq) %o @ https://www.work24.go.kr/cm/c/f/1100/selecSystInfo.do?currentPageNo=1&recordCountPerPage=10&systId=SI00000318&systClId=SC00000117:0
[ 1708255ms] [LOG] ui.fullPopup======================= @ https://www.work24.go.kr/cm/static/js/ui/ui.js?ver=20260513-0911:69
[ 1708939ms] [LOG] null @ https://www.work24.go.kr/cm/c/f/1100/selecSystInfo.do?currentPageNo=1&recordCountPerPage=10&systId=SI00000318&systClId=SC00000117:5628
[ 1709022ms] [LOG] wn/cb start! @ https://www.work24.go.kr/chatbot/res/js/g24hp-cb-client.js?v=2?:23
[ 1709095ms] [LOG] %cNth >> 2026-05-16_20:34:25:469 background: teal; color: white; font-weight:bold @ :15
[ 1709097ms] [LOG] NTH >> 로그정보_컨테이너수정일자_v1 : 2025-12-18--13-17-54 @ :10
[ 1709102ms] [LOG] nth_build @ :1
[ 1709146ms] [LOG] [instance.agent] ==================== /chatbot/g24hp/chat @ https://www.work24.go.kr/chatbot/res/js/g24hp-cb-main.js?v=1&1778931265387:79
[ 1709146ms] [LOG] [URL.ENCODE] ==================== %5B%EB%B3%84%EC%A7%80%20%EC%A0%9C64%ED%98%B8%EC%84%9C%EC%8B%9D%5D%20%EC%8B%A4%EC%97%85%EC%9E%90%EC%B7%A8%EC%97%85%ED%9B%88%EB%A0%A8%EB%B9%84%20%EB%8C%80%EB%B6%80%20%EC%8B%A0%EC%B2%AD%EC%84%9C(%EA%B3%A0%EC%9A%A9%EB%B3%B4%ED%97%98%EB%B2%95%20%EC%8B%9C%ED%96%89%EA%B7%9C%EC%B9%99).hwp @ https://www.work24.go.kr/chatbot/res/js/g24hp-cb-main.js?v=1&1778931265387:85
[ 1709146ms] [LOG] [window.location.href] ==================== https://www.work24.go.kr/cm/c/f/1100/selecSystInfo.do?currentPageNo=1&recordCountPerPage=10&systId=SI00000318&systClId=SC00000117 @ https://www.work24.go.kr/chatbot/res/js/g24hp-cb-main.js?v=1&1778931265387:89
[ 1709147ms] [LOG] [urlKey] ==================== https:,,www.work24.go.kr,cm,c,f,1100,selecSystInfo.do?currentPageNo=1&recordCountPerPage=10&systId=SI00000318&systClId=SC00000117 @ https://www.work24.go.kr/chatbot/res/js/g24hp-cb-main.js?v=1&1778931265387:93
[ 1709148ms] [LOG] initChatBot !!! @ https://www.work24.go.kr/chatbot/res/js/g24hp-cb-main.js?v=1&1778931265387:2878
[ 1709153ms] [LOG] %%%%%%%%%%%%%%%%%%%%%%%%%%%%% @ https://www.work24.go.kr/chatbot/res/js/g24hp-cb-main.js?v=1&1778931265387:2898
