[    1767ms] [ERROR] Failed to load resource: the server responded with a status of 403 () @ https://dash.cloudflare.com/api/v4/accounts/d2e4e8fa6127e6e2ba40e48fe715aeef/organizations:0
[    2770ms] [ERROR] error loading authz policy data, displayed UI may not reflect actual policies @ https://dash.cloudflare.com/cf-53ca035891dc6245.js:2
[    2770ms] [ERROR] error loading authz policy data, displayed UI may not reflect actual policies @ https://dash.cloudflare.com/cf-53ca035891dc6245.js:2
[    2771ms] [ERROR] error loading authz policy data, displayed UI may not reflect actual policies @ https://dash.cloudflare.com/cf-53ca035891dc6245.js:2
[    2772ms] [ERROR] error loading authz policy data, displayed UI may not reflect actual policies @ https://dash.cloudflare.com/cf-53ca035891dc6245.js:2
[    2778ms] [ERROR] error loading authz policy data, displayed UI may not reflect actual policies @ https://dash.cloudflare.com/cf-53ca035891dc6245.js:2
[    2780ms] [ERROR] error loading authz policy data, displayed UI may not reflect actual policies @ https://dash.cloudflare.com/cf-53ca035891dc6245.js:2
[    2780ms] [ERROR] error loading authz policy data, displayed UI may not reflect actual policies @ https://dash.cloudflare.com/cf-53ca035891dc6245.js:2
[    2781ms] [ERROR] error loading authz policy data, displayed UI may not reflect actual policies @ https://dash.cloudflare.com/cf-53ca035891dc6245.js:2
[    2781ms] [ERROR] error loading authz policy data, displayed UI may not reflect actual policies @ https://dash.cloudflare.com/cf-53ca035891dc6245.js:2
[    2810ms] [ERROR] error loading authz policy data, displayed UI may not reflect actual policies @ https://dash.cloudflare.com/cf-53ca035891dc6245.js:2
[    5799ms] [ERROR] %c%d font-size:0;color:transparent NaN @ https://challenges.cloudflare.com/cdn-cgi/challenge-platform/h/g/turnstile/f/ov2/av0/rch/9qh1z/0x4AAAAAAAJel0iaAR3mgkjp/light/fbE/new/flexible?lang=auto:0
[    5799ms] [ERROR] %c%d font-size:0;color:transparent NaN @ https://challenges.cloudflare.com/cdn-cgi/challenge-platform/h/g/turnstile/f/ov2/av0/rch/9qh1z/0x4AAAAAAAJel0iaAR3mgkjp/light/fbE/new/flexible?lang=auto:0
[    5802ms] [WARNING] %c%d font-size:0;color:transparent NaN @ https://challenges.cloudflare.com/cdn-cgi/challenge-platform/h/g/turnstile/f/ov2/av0/rch/9qh1z/0x4AAAAAAAJel0iaAR3mgkjp/light/fbE/new/flexible?lang=auto:0
[    5802ms] [WARNING] %c%d font-size:0;color:transparent NaN @ https://challenges.cloudflare.com/cdn-cgi/challenge-platform/h/g/turnstile/f/ov2/av0/rch/9qh1z/0x4AAAAAAAJel0iaAR3mgkjp/light/fbE/new/flexible?lang=auto:0
[    7034ms] [ERROR] Failed to load resource: the server responded with a status of 401 () @ https://challenges.cloudflare.com/cdn-cgi/challenge-platform/h/g/pat/9e120cef1be6ea9b/1774317294192/d6208059c18fdd2149015c01c9d90b9edbdb3cc81d0e7ced3bce87ca80b29072/b0jEIvBeplx0YNa:0
[    7061ms] [ERROR]  Note that 'script-src' was not explicitly set, so 'default-src' is used as a fallback. @ https://challenges.cloudflare.com/cdn-cgi/challenge-platform/h/g/turnstile/f/ov2/av0/rch/9qh1z/0x4AAAAAAAJel0iaAR3mgkjp/light/fbE/new/flexible?lang=auto:0
[   13317ms] [WARNING] The resource https://challenges.cloudflare.com/cdn-cgi/challenge-platform/h/g/cmg/1 was preloaded using link preload but not used within a few seconds from the window's load event. Please make sure it has an appropriate `as` value and it is preloaded intentionally. @ https://challenges.cloudflare.com/cdn-cgi/challenge-platform/h/g/turnstile/f/ov2/av0/rch/9qh1z/0x4AAAAAAAJel0iaAR3mgkjp/light/fbE/new/flexible?lang=auto:0
[  130874ms] [ERROR] %c%d font-size:0;color:transparent NaN @ https://challenges.cloudflare.com/cdn-cgi/challenge-platform/h/g/turnstile/f/ov2/av0/rch/9qh1z/0x4AAAAAAAJel0iaAR3mgkjp/light/fbE/api/flexible?lang=auto:0
[  130874ms] [ERROR] %c%d font-size:0;color:transparent NaN @ https://challenges.cloudflare.com/cdn-cgi/challenge-platform/h/g/turnstile/f/ov2/av0/rch/9qh1z/0x4AAAAAAAJel0iaAR3mgkjp/light/fbE/api/flexible?lang=auto:0
[  130876ms] [WARNING] %c%d font-size:0;color:transparent NaN @ https://challenges.cloudflare.com/cdn-cgi/challenge-platform/h/g/turnstile/f/ov2/av0/rch/9qh1z/0x4AAAAAAAJel0iaAR3mgkjp/light/fbE/api/flexible?lang=auto:0
[  130876ms] [WARNING] %c%d font-size:0;color:transparent NaN @ https://challenges.cloudflare.com/cdn-cgi/challenge-platform/h/g/turnstile/f/ov2/av0/rch/9qh1z/0x4AAAAAAAJel0iaAR3mgkjp/light/fbE/api/flexible?lang=auto:0
[  130943ms] [ERROR]  Note that 'script-src' was not explicitly set, so 'default-src' is used as a fallback. @ https://challenges.cloudflare.com/cdn-cgi/challenge-platform/h/g/turnstile/f/ov2/av0/rch/9qh1z/0x4AAAAAAAJel0iaAR3mgkjp/light/fbE/api/flexible?lang=auto:0
[  131508ms] [ERROR] Failed to load resource: the server responded with a status of 401 () @ https://challenges.cloudflare.com/cdn-cgi/challenge-platform/h/g/pat/9e120ffc4f7dea1d/1774317419229/e0c757ba149ee1de02dedd1cf15a67051f00666bcc04cb53a44a45098355e540/udkRyte9Utt-TaI:0
[  137454ms] [WARNING] The resource https://challenges.cloudflare.com/cdn-cgi/challenge-platform/h/g/cmg/1 was preloaded using link preload but not used within a few seconds from the window's load event. Please make sure it has an appropriate `as` value and it is preloaded intentionally. @ https://challenges.cloudflare.com/cdn-cgi/challenge-platform/h/g/turnstile/f/ov2/av0/rch/9qh1z/0x4AAAAAAAJel0iaAR3mgkjp/light/fbE/api/flexible?lang=auto:0
[  254979ms] [ERROR] %c%d font-size:0;color:transparent NaN @ https://challenges.cloudflare.com/cdn-cgi/challenge-platform/h/g/turnstile/f/ov2/av0/rch/9qh1z/0x4AAAAAAAJel0iaAR3mgkjp/light/fbE/api/flexible?lang=auto:0
[  254979ms] [ERROR] %c%d font-size:0;color:transparent NaN @ https://challenges.cloudflare.com/cdn-cgi/challenge-platform/h/g/turnstile/f/ov2/av0/rch/9qh1z/0x4AAAAAAAJel0iaAR3mgkjp/light/fbE/api/flexible?lang=auto:0
[  254981ms] [WARNING] %c%d font-size:0;color:transparent NaN @ https://challenges.cloudflare.com/cdn-cgi/challenge-platform/h/g/turnstile/f/ov2/av0/rch/9qh1z/0x4AAAAAAAJel0iaAR3mgkjp/light/fbE/api/flexible?lang=auto:0
[  254981ms] [WARNING] %c%d font-size:0;color:transparent NaN @ https://challenges.cloudflare.com/cdn-cgi/challenge-platform/h/g/turnstile/f/ov2/av0/rch/9qh1z/0x4AAAAAAAJel0iaAR3mgkjp/light/fbE/api/flexible?lang=auto:0
[  255506ms] [ERROR] Failed to load resource: the server responded with a status of 401 () @ https://challenges.cloudflare.com/cdn-cgi/challenge-platform/h/g/pat/9e1213042b443953/1774317543324/3b237e48c977a7fba6bf882046ce9a3e8d3923b523311f4583ac1ce93813332d/9vYix93Rv6eF6G8:0
[  255539ms] [ERROR]  Note that 'script-src' was not explicitly set, so 'default-src' is used as a fallback. @ https://challenges.cloudflare.com/cdn-cgi/challenge-platform/h/g/turnstile/f/ov2/av0/rch/9qh1z/0x4AAAAAAAJel0iaAR3mgkjp/light/fbE/api/flexible?lang=auto:0
[  261687ms] [WARNING] The resource https://challenges.cloudflare.com/cdn-cgi/challenge-platform/h/g/cmg/1 was preloaded using link preload but not used within a few seconds from the window's load event. Please make sure it has an appropriate `as` value and it is preloaded intentionally. @ https://challenges.cloudflare.com/cdn-cgi/challenge-platform/h/g/turnstile/f/ov2/av0/rch/9qh1z/0x4AAAAAAAJel0iaAR3mgkjp/light/fbE/api/flexible?lang=auto:0
[  379958ms] [ERROR] Failed to load resource: the server responded with a status of 401 () @ https://challenges.cloudflare.com/cdn-cgi/challenge-platform/h/g/pat/9e12160d9eeaea9b/1774317667752/7e95aed36b413935e2397338a69bcce945c14511061d3ae34e4447d33ea78a16/QoqpWAY2cuPjR6N:0
[  379983ms] [ERROR]  Note that 'script-src' was not explicitly set, so 'default-src' is used as a fallback. @ https://challenges.cloudflare.com/cdn-cgi/challenge-platform/h/g/turnstile/f/ov2/av0/rch/9qh1z/0x4AAAAAAAJel0iaAR3mgkjp/light/fbE/api/flexible?lang=auto:0
[  380196ms] [ERROR] %c%d font-size:0;color:transparent NaN @ https://challenges.cloudflare.com/cdn-cgi/challenge-platform/h/g/turnstile/f/ov2/av0/rch/9qh1z/0x4AAAAAAAJel0iaAR3mgkjp/light/fbE/api/flexible?lang=auto:0
[  380196ms] [ERROR] %c%d font-size:0;color:transparent NaN @ https://challenges.cloudflare.com/cdn-cgi/challenge-platform/h/g/turnstile/f/ov2/av0/rch/9qh1z/0x4AAAAAAAJel0iaAR3mgkjp/light/fbE/api/flexible?lang=auto:0
[  380198ms] [WARNING] %c%d font-size:0;color:transparent NaN @ https://challenges.cloudflare.com/cdn-cgi/challenge-platform/h/g/turnstile/f/ov2/av0/rch/9qh1z/0x4AAAAAAAJel0iaAR3mgkjp/light/fbE/api/flexible?lang=auto:0
[  380198ms] [WARNING] %c%d font-size:0;color:transparent NaN @ https://challenges.cloudflare.com/cdn-cgi/challenge-platform/h/g/turnstile/f/ov2/av0/rch/9qh1z/0x4AAAAAAAJel0iaAR3mgkjp/light/fbE/api/flexible?lang=auto:0
[  386245ms] [WARNING] The resource https://challenges.cloudflare.com/cdn-cgi/challenge-platform/h/g/cmg/1 was preloaded using link preload but not used within a few seconds from the window's load event. Please make sure it has an appropriate `as` value and it is preloaded intentionally. @ https://challenges.cloudflare.com/cdn-cgi/challenge-platform/h/g/turnstile/f/ov2/av0/rch/9qh1z/0x4AAAAAAAJel0iaAR3mgkjp/light/fbE/api/flexible?lang=auto:0
[  503808ms] [ERROR] Failed to load resource: the server responded with a status of 401 () @ https://challenges.cloudflare.com/cdn-cgi/challenge-platform/h/g/pat/9e1219174a496995/1774317792152/c45cc75e412b3ff75015694b928c7b27627bf7874ad5a2659be427941a4b7bb8/CN_Qi9BFuHvb1wc:0
[  503840ms] [ERROR]  Note that 'script-src' was not explicitly set, so 'default-src' is used as a fallback. @ https://challenges.cloudflare.com/cdn-cgi/challenge-platform/h/g/turnstile/f/ov2/av0/rch/9qh1z/0x4AAAAAAAJel0iaAR3mgkjp/light/fbE/api/flexible?lang=auto:0
[  503993ms] [ERROR] %c%d font-size:0;color:transparent NaN @ https://challenges.cloudflare.com/cdn-cgi/challenge-platform/h/g/turnstile/f/ov2/av0/rch/9qh1z/0x4AAAAAAAJel0iaAR3mgkjp/light/fbE/api/flexible?lang=auto:0
[  503993ms] [ERROR] %c%d font-size:0;color:transparent NaN @ https://challenges.cloudflare.com/cdn-cgi/challenge-platform/h/g/turnstile/f/ov2/av0/rch/9qh1z/0x4AAAAAAAJel0iaAR3mgkjp/light/fbE/api/flexible?lang=auto:0
[  503995ms] [WARNING] %c%d font-size:0;color:transparent NaN @ https://challenges.cloudflare.com/cdn-cgi/challenge-platform/h/g/turnstile/f/ov2/av0/rch/9qh1z/0x4AAAAAAAJel0iaAR3mgkjp/light/fbE/api/flexible?lang=auto:0
[  503995ms] [WARNING] %c%d font-size:0;color:transparent NaN @ https://challenges.cloudflare.com/cdn-cgi/challenge-platform/h/g/turnstile/f/ov2/av0/rch/9qh1z/0x4AAAAAAAJel0iaAR3mgkjp/light/fbE/api/flexible?lang=auto:0
[  510280ms] [WARNING] The resource https://challenges.cloudflare.com/cdn-cgi/challenge-platform/h/g/cmg/1 was preloaded using link preload but not used within a few seconds from the window's load event. Please make sure it has an appropriate `as` value and it is preloaded intentionally. @ https://challenges.cloudflare.com/cdn-cgi/challenge-platform/h/g/turnstile/f/ov2/av0/rch/9qh1z/0x4AAAAAAAJel0iaAR3mgkjp/light/fbE/api/flexible?lang=auto:0
[  627954ms] [ERROR] %c%d font-size:0;color:transparent NaN @ https://challenges.cloudflare.com/cdn-cgi/challenge-platform/h/g/turnstile/f/ov2/av0/rch/9qh1z/0x4AAAAAAAJel0iaAR3mgkjp/light/fbE/api/flexible?lang=auto:0
[  627955ms] [ERROR] %c%d font-size:0;color:transparent NaN @ https://challenges.cloudflare.com/cdn-cgi/challenge-platform/h/g/turnstile/f/ov2/av0/rch/9qh1z/0x4AAAAAAAJel0iaAR3mgkjp/light/fbE/api/flexible?lang=auto:0
[  627956ms] [WARNING] %c%d font-size:0;color:transparent NaN @ https://challenges.cloudflare.com/cdn-cgi/challenge-platform/h/g/turnstile/f/ov2/av0/rch/9qh1z/0x4AAAAAAAJel0iaAR3mgkjp/light/fbE/api/flexible?lang=auto:0
[  627956ms] [WARNING] %c%d font-size:0;color:transparent NaN @ https://challenges.cloudflare.com/cdn-cgi/challenge-platform/h/g/turnstile/f/ov2/av0/rch/9qh1z/0x4AAAAAAAJel0iaAR3mgkjp/light/fbE/api/flexible?lang=auto:0
[  628010ms] [ERROR]  Note that 'script-src' was not explicitly set, so 'default-src' is used as a fallback. @ https://challenges.cloudflare.com/cdn-cgi/challenge-platform/h/g/turnstile/f/ov2/av0/rch/9qh1z/0x4AAAAAAAJel0iaAR3mgkjp/light/fbE/api/flexible?lang=auto:0
[  628148ms] [ERROR] Failed to load resource: the server responded with a status of 401 () @ https://challenges.cloudflare.com/cdn-cgi/challenge-platform/h/g/pat/9e121c1e7d7baa42/1774317916232/2521e99864a9adb7ff0e6539f0777323f1772225b031e0194ee46ef80243dc5d/C7FKmGBfxW-JnKP:0
[  634402ms] [WARNING] The resource https://challenges.cloudflare.com/cdn-cgi/challenge-platform/h/g/cmg/1 was preloaded using link preload but not used within a few seconds from the window's load event. Please make sure it has an appropriate `as` value and it is preloaded intentionally. @ https://challenges.cloudflare.com/cdn-cgi/challenge-platform/h/g/turnstile/f/ov2/av0/rch/9qh1z/0x4AAAAAAAJel0iaAR3mgkjp/light/fbE/api/flexible?lang=auto:0
[  752539ms] [ERROR] %c%d font-size:0;color:transparent NaN @ https://challenges.cloudflare.com/cdn-cgi/challenge-platform/h/g/turnstile/f/ov2/av0/rch/9qh1z/0x4AAAAAAAJel0iaAR3mgkjp/light/fbE/api/flexible?lang=auto:0
[  752539ms] [ERROR] %c%d font-size:0;color:transparent NaN @ https://challenges.cloudflare.com/cdn-cgi/challenge-platform/h/g/turnstile/f/ov2/av0/rch/9qh1z/0x4AAAAAAAJel0iaAR3mgkjp/light/fbE/api/flexible?lang=auto:0
[  752542ms] [WARNING] %c%d font-size:0;color:transparent NaN @ https://challenges.cloudflare.com/cdn-cgi/challenge-platform/h/g/turnstile/f/ov2/av0/rch/9qh1z/0x4AAAAAAAJel0iaAR3mgkjp/light/fbE/api/flexible?lang=auto:0
[  752542ms] [WARNING] %c%d font-size:0;color:transparent NaN @ https://challenges.cloudflare.com/cdn-cgi/challenge-platform/h/g/turnstile/f/ov2/av0/rch/9qh1z/0x4AAAAAAAJel0iaAR3mgkjp/light/fbE/api/flexible?lang=auto:0
[  752722ms] [ERROR] Failed to load resource: the server responded with a status of 401 () @ https://challenges.cloudflare.com/cdn-cgi/challenge-platform/h/g/pat/9e121f271b4ae9f8/1774318040429/c4522e888dd3586f53958641984554d86aae38e6d8036ae04388636b85308d9a/GMNL1W-tc3yzmcD:0
[  752798ms] [ERROR]  Note that 'script-src' was not explicitly set, so 'default-src' is used as a fallback. @ https://challenges.cloudflare.com/cdn-cgi/challenge-platform/h/g/turnstile/f/ov2/av0/rch/9qh1z/0x4AAAAAAAJel0iaAR3mgkjp/light/fbE/api/flexible?lang=auto:0
[  758690ms] [WARNING] The resource https://challenges.cloudflare.com/cdn-cgi/challenge-platform/h/g/cmg/1 was preloaded using link preload but not used within a few seconds from the window's load event. Please make sure it has an appropriate `as` value and it is preloaded intentionally. @ https://challenges.cloudflare.com/cdn-cgi/challenge-platform/h/g/turnstile/f/ov2/av0/rch/9qh1z/0x4AAAAAAAJel0iaAR3mgkjp/light/fbE/api/flexible?lang=auto:0
[  876235ms] [ERROR]  Note that 'script-src' was not explicitly set, so 'default-src' is used as a fallback. @ https://challenges.cloudflare.com/cdn-cgi/challenge-platform/h/g/turnstile/f/ov2/av0/rch/9qh1z/0x4AAAAAAAJel0iaAR3mgkjp/light/fbE/api/flexible?lang=auto:0
[  876409ms] [ERROR] %c%d font-size:0;color:transparent NaN @ https://challenges.cloudflare.com/cdn-cgi/challenge-platform/h/g/turnstile/f/ov2/av0/rch/9qh1z/0x4AAAAAAAJel0iaAR3mgkjp/light/fbE/api/flexible?lang=auto:0
[  876409ms] [ERROR] %c%d font-size:0;color:transparent NaN @ https://challenges.cloudflare.com/cdn-cgi/challenge-platform/h/g/turnstile/f/ov2/av0/rch/9qh1z/0x4AAAAAAAJel0iaAR3mgkjp/light/fbE/api/flexible?lang=auto:0
[  876411ms] [WARNING] %c%d font-size:0;color:transparent NaN @ https://challenges.cloudflare.com/cdn-cgi/challenge-platform/h/g/turnstile/f/ov2/av0/rch/9qh1z/0x4AAAAAAAJel0iaAR3mgkjp/light/fbE/api/flexible?lang=auto:0
[  876412ms] [WARNING] %c%d font-size:0;color:transparent NaN @ https://challenges.cloudflare.com/cdn-cgi/challenge-platform/h/g/turnstile/f/ov2/av0/rch/9qh1z/0x4AAAAAAAJel0iaAR3mgkjp/light/fbE/api/flexible?lang=auto:0
[  876651ms] [ERROR] Failed to load resource: the server responded with a status of 401 () @ https://challenges.cloudflare.com/cdn-cgi/challenge-platform/h/g/pat/9e12222f0d32eaa2/1774318164590/33f275d5408238bad1ac9a1885a32cada0aff3b5c1e3da6c4b5f0f34aadcac7f/aXrglBCPxr3_R2-:0
[  883416ms] [WARNING] The resource https://challenges.cloudflare.com/cdn-cgi/challenge-platform/h/g/cmg/1 was preloaded using link preload but not used within a few seconds from the window's load event. Please make sure it has an appropriate `as` value and it is preloaded intentionally. @ https://challenges.cloudflare.com/cdn-cgi/challenge-platform/h/g/turnstile/f/ov2/av0/rch/9qh1z/0x4AAAAAAAJel0iaAR3mgkjp/light/fbE/api/flexible?lang=auto:0
[ 1001038ms] [ERROR] Failed to load resource: the server responded with a status of 401 () @ https://challenges.cloudflare.com/cdn-cgi/challenge-platform/h/g/pat/9e12253a9802088c/1774318289343/970867b487f147ecdbeee9ecf99ffd45d273fa1117a24baca03dece99856bc85/Sf0-TwkxCHa2eMt:0
[ 1001558ms] [ERROR]  Note that 'script-src' was not explicitly set, so 'default-src' is used as a fallback. @ https://challenges.cloudflare.com/cdn-cgi/challenge-platform/h/g/turnstile/f/ov2/av0/rch/9qh1z/0x4AAAAAAAJel0iaAR3mgkjp/light/fbE/api/flexible?lang=auto:0
[ 1001777ms] [ERROR] %c%d font-size:0;color:transparent NaN @ https://challenges.cloudflare.com/cdn-cgi/challenge-platform/h/g/turnstile/f/ov2/av0/rch/9qh1z/0x4AAAAAAAJel0iaAR3mgkjp/light/fbE/api/flexible?lang=auto:0
[ 1001777ms] [ERROR] %c%d font-size:0;color:transparent NaN @ https://challenges.cloudflare.com/cdn-cgi/challenge-platform/h/g/turnstile/f/ov2/av0/rch/9qh1z/0x4AAAAAAAJel0iaAR3mgkjp/light/fbE/api/flexible?lang=auto:0
[ 1001779ms] [WARNING] %c%d font-size:0;color:transparent NaN @ https://challenges.cloudflare.com/cdn-cgi/challenge-platform/h/g/turnstile/f/ov2/av0/rch/9qh1z/0x4AAAAAAAJel0iaAR3mgkjp/light/fbE/api/flexible?lang=auto:0
[ 1001779ms] [WARNING] %c%d font-size:0;color:transparent NaN @ https://challenges.cloudflare.com/cdn-cgi/challenge-platform/h/g/turnstile/f/ov2/av0/rch/9qh1z/0x4AAAAAAAJel0iaAR3mgkjp/light/fbE/api/flexible?lang=auto:0
[ 1007578ms] [WARNING] The resource https://challenges.cloudflare.com/cdn-cgi/challenge-platform/h/g/cmg/1 was preloaded using link preload but not used within a few seconds from the window's load event. Please make sure it has an appropriate `as` value and it is preloaded intentionally. @ https://challenges.cloudflare.com/cdn-cgi/challenge-platform/h/g/turnstile/f/ov2/av0/rch/9qh1z/0x4AAAAAAAJel0iaAR3mgkjp/light/fbE/api/flexible?lang=auto:0
[ 1125220ms] [ERROR]  Note that 'script-src' was not explicitly set, so 'default-src' is used as a fallback. @ https://challenges.cloudflare.com/cdn-cgi/challenge-platform/h/g/turnstile/f/ov2/av0/rch/9qh1z/0x4AAAAAAAJel0iaAR3mgkjp/light/fbE/api/flexible?lang=auto:0
[ 1125556ms] [ERROR] Failed to load resource: the server responded with a status of 401 () @ https://challenges.cloudflare.com/cdn-cgi/challenge-platform/h/g/pat/9e1228433adbaa87/1774318413616/f4f5e0867e1fb58683a80b15186bc43598555d441bf3a9eed7c9b4ca81283db6/PVA-55BPASy0fcp:0
[ 1126143ms] [ERROR] %c%d font-size:0;color:transparent NaN @ https://challenges.cloudflare.com/cdn-cgi/challenge-platform/h/g/turnstile/f/ov2/av0/rch/9qh1z/0x4AAAAAAAJel0iaAR3mgkjp/light/fbE/api/flexible?lang=auto:0
[ 1126143ms] [ERROR] %c%d font-size:0;color:transparent NaN @ https://challenges.cloudflare.com/cdn-cgi/challenge-platform/h/g/turnstile/f/ov2/av0/rch/9qh1z/0x4AAAAAAAJel0iaAR3mgkjp/light/fbE/api/flexible?lang=auto:0
[ 1126144ms] [WARNING] %c%d font-size:0;color:transparent NaN @ https://challenges.cloudflare.com/cdn-cgi/challenge-platform/h/g/turnstile/f/ov2/av0/rch/9qh1z/0x4AAAAAAAJel0iaAR3mgkjp/light/fbE/api/flexible?lang=auto:0
[ 1126145ms] [WARNING] %c%d font-size:0;color:transparent NaN @ https://challenges.cloudflare.com/cdn-cgi/challenge-platform/h/g/turnstile/f/ov2/av0/rch/9qh1z/0x4AAAAAAAJel0iaAR3mgkjp/light/fbE/api/flexible?lang=auto:0
[ 1131938ms] [WARNING] The resource https://challenges.cloudflare.com/cdn-cgi/challenge-platform/h/g/cmg/1 was preloaded using link preload but not used within a few seconds from the window's load event. Please make sure it has an appropriate `as` value and it is preloaded intentionally. @ https://challenges.cloudflare.com/cdn-cgi/challenge-platform/h/g/turnstile/f/ov2/av0/rch/9qh1z/0x4AAAAAAAJel0iaAR3mgkjp/light/fbE/api/flexible?lang=auto:0
[ 1249697ms] [ERROR]  Note that 'script-src' was not explicitly set, so 'default-src' is used as a fallback. @ https://challenges.cloudflare.com/cdn-cgi/challenge-platform/h/g/turnstile/f/ov2/av0/rch/9qh1z/0x4AAAAAAAJel0iaAR3mgkjp/light/fbE/api/flexible?lang=auto:0
[ 1249813ms] [ERROR] %c%d font-size:0;color:transparent NaN @ https://challenges.cloudflare.com/cdn-cgi/challenge-platform/h/g/turnstile/f/ov2/av0/rch/9qh1z/0x4AAAAAAAJel0iaAR3mgkjp/light/fbE/api/flexible?lang=auto:0
[ 1249813ms] [ERROR] %c%d font-size:0;color:transparent NaN @ https://challenges.cloudflare.com/cdn-cgi/challenge-platform/h/g/turnstile/f/ov2/av0/rch/9qh1z/0x4AAAAAAAJel0iaAR3mgkjp/light/fbE/api/flexible?lang=auto:0
[ 1249815ms] [WARNING] %c%d font-size:0;color:transparent NaN @ https://challenges.cloudflare.com/cdn-cgi/challenge-platform/h/g/turnstile/f/ov2/av0/rch/9qh1z/0x4AAAAAAAJel0iaAR3mgkjp/light/fbE/api/flexible?lang=auto:0
[ 1249815ms] [WARNING] %c%d font-size:0;color:transparent NaN @ https://challenges.cloudflare.com/cdn-cgi/challenge-platform/h/g/turnstile/f/ov2/av0/rch/9qh1z/0x4AAAAAAAJel0iaAR3mgkjp/light/fbE/api/flexible?lang=auto:0
[ 1250455ms] [ERROR] Failed to load resource: the server responded with a status of 401 () @ https://challenges.cloudflare.com/cdn-cgi/challenge-platform/h/g/pat/9e122b4bd95d3269/1774318537867/1bbd9a52efb2a72054685591f113d09c9a72bf78013826f220daf2d778304da7/oFPAXLRFB2OlH-p:0
[ 1257479ms] [WARNING] The resource https://challenges.cloudflare.com/cdn-cgi/challenge-platform/h/g/cmg/1 was preloaded using link preload but not used within a few seconds from the window's load event. Please make sure it has an appropriate `as` value and it is preloaded intentionally. @ https://challenges.cloudflare.com/cdn-cgi/challenge-platform/h/g/turnstile/f/ov2/av0/rch/9qh1z/0x4AAAAAAAJel0iaAR3mgkjp/light/fbE/api/flexible?lang=auto:0
[ 1375437ms] [ERROR]  Note that 'script-src' was not explicitly set, so 'default-src' is used as a fallback. @ https://challenges.cloudflare.com/cdn-cgi/challenge-platform/h/g/turnstile/f/ov2/av0/rch/9qh1z/0x4AAAAAAAJel0iaAR3mgkjp/light/fbE/api/flexible?lang=auto:0
[ 1375667ms] [ERROR] %c%d font-size:0;color:transparent NaN @ https://challenges.cloudflare.com/cdn-cgi/challenge-platform/h/g/turnstile/f/ov2/av0/rch/9qh1z/0x4AAAAAAAJel0iaAR3mgkjp/light/fbE/api/flexible?lang=auto:0
[ 1375667ms] [ERROR] %c%d font-size:0;color:transparent NaN @ https://challenges.cloudflare.com/cdn-cgi/challenge-platform/h/g/turnstile/f/ov2/av0/rch/9qh1z/0x4AAAAAAAJel0iaAR3mgkjp/light/fbE/api/flexible?lang=auto:0
[ 1375669ms] [WARNING] %c%d font-size:0;color:transparent NaN @ https://challenges.cloudflare.com/cdn-cgi/challenge-platform/h/g/turnstile/f/ov2/av0/rch/9qh1z/0x4AAAAAAAJel0iaAR3mgkjp/light/fbE/api/flexible?lang=auto:0
[ 1375669ms] [WARNING] %c%d font-size:0;color:transparent NaN @ https://challenges.cloudflare.com/cdn-cgi/challenge-platform/h/g/turnstile/f/ov2/av0/rch/9qh1z/0x4AAAAAAAJel0iaAR3mgkjp/light/fbE/api/flexible?lang=auto:0
[ 1375824ms] [ERROR] Failed to load resource: the server responded with a status of 401 () @ https://challenges.cloudflare.com/cdn-cgi/challenge-platform/h/g/pat/9e122e5c8d78e620/1774318663359/2c28f32f36e8d11d70e158372bfd1fb0da898412579e8209cee66ebefeff2cf8/HDQdSwhlfKHD7Ia:0
[ 1381804ms] [WARNING] The resource https://challenges.cloudflare.com/cdn-cgi/challenge-platform/h/g/cmg/1 was preloaded using link preload but not used within a few seconds from the window's load event. Please make sure it has an appropriate `as` value and it is preloaded intentionally. @ https://challenges.cloudflare.com/cdn-cgi/challenge-platform/h/g/turnstile/f/ov2/av0/rch/9qh1z/0x4AAAAAAAJel0iaAR3mgkjp/light/fbE/api/flexible?lang=auto:0
[ 1499919ms] [ERROR] %c%d font-size:0;color:transparent NaN @ https://challenges.cloudflare.com/cdn-cgi/challenge-platform/h/g/turnstile/f/ov2/av0/rch/9qh1z/0x4AAAAAAAJel0iaAR3mgkjp/light/fbE/api/flexible?lang=auto:0
[ 1499920ms] [ERROR] %c%d font-size:0;color:transparent NaN @ https://challenges.cloudflare.com/cdn-cgi/challenge-platform/h/g/turnstile/f/ov2/av0/rch/9qh1z/0x4AAAAAAAJel0iaAR3mgkjp/light/fbE/api/flexible?lang=auto:0
[ 1499922ms] [WARNING] %c%d font-size:0;color:transparent NaN @ https://challenges.cloudflare.com/cdn-cgi/challenge-platform/h/g/turnstile/f/ov2/av0/rch/9qh1z/0x4AAAAAAAJel0iaAR3mgkjp/light/fbE/api/flexible?lang=auto:0
[ 1499923ms] [WARNING] %c%d font-size:0;color:transparent NaN @ https://challenges.cloudflare.com/cdn-cgi/challenge-platform/h/g/turnstile/f/ov2/av0/rch/9qh1z/0x4AAAAAAAJel0iaAR3mgkjp/light/fbE/api/flexible?lang=auto:0
[ 1500142ms] [ERROR]  Note that 'script-src' was not explicitly set, so 'default-src' is used as a fallback. @ https://challenges.cloudflare.com/cdn-cgi/challenge-platform/h/g/turnstile/f/ov2/av0/rch/9qh1z/0x4AAAAAAAJel0iaAR3mgkjp/light/fbE/api/flexible?lang=auto:0
[ 1500325ms] [ERROR] Failed to load resource: the server responded with a status of 401 () @ https://challenges.cloudflare.com/cdn-cgi/challenge-platform/h/g/pat/9e1231665c14a76e/1774318787846/8154aafe4e711ef3eee4d3e681b020c0ef2440f2b1928476bc38a4e51a9477f3/DVlZtKXi4geVKhp:0
[ 1506324ms] [WARNING] The resource https://challenges.cloudflare.com/cdn-cgi/challenge-platform/h/g/cmg/1 was preloaded using link preload but not used within a few seconds from the window's load event. Please make sure it has an appropriate `as` value and it is preloaded intentionally. @ https://challenges.cloudflare.com/cdn-cgi/challenge-platform/h/g/turnstile/f/ov2/av0/rch/9qh1z/0x4AAAAAAAJel0iaAR3mgkjp/light/fbE/api/flexible?lang=auto:0
[ 1623820ms] [ERROR]  Note that 'script-src' was not explicitly set, so 'default-src' is used as a fallback. @ https://challenges.cloudflare.com/cdn-cgi/challenge-platform/h/g/turnstile/f/ov2/av0/rch/9qh1z/0x4AAAAAAAJel0iaAR3mgkjp/light/fbE/api/flexible?lang=auto:0
[ 1624078ms] [ERROR] %c%d font-size:0;color:transparent NaN @ https://challenges.cloudflare.com/cdn-cgi/challenge-platform/h/g/turnstile/f/ov2/av0/rch/9qh1z/0x4AAAAAAAJel0iaAR3mgkjp/light/fbE/api/flexible?lang=auto:0
[ 1624079ms] [ERROR] %c%d font-size:0;color:transparent NaN @ https://challenges.cloudflare.com/cdn-cgi/challenge-platform/h/g/turnstile/f/ov2/av0/rch/9qh1z/0x4AAAAAAAJel0iaAR3mgkjp/light/fbE/api/flexible?lang=auto:0
[ 1624080ms] [WARNING] %c%d font-size:0;color:transparent NaN @ https://challenges.cloudflare.com/cdn-cgi/challenge-platform/h/g/turnstile/f/ov2/av0/rch/9qh1z/0x4AAAAAAAJel0iaAR3mgkjp/light/fbE/api/flexible?lang=auto:0
[ 1624080ms] [WARNING] %c%d font-size:0;color:transparent NaN @ https://challenges.cloudflare.com/cdn-cgi/challenge-platform/h/g/turnstile/f/ov2/av0/rch/9qh1z/0x4AAAAAAAJel0iaAR3mgkjp/light/fbE/api/flexible?lang=auto:0
[ 1624150ms] [ERROR] Failed to load resource: the server responded with a status of 401 () @ https://challenges.cloudflare.com/cdn-cgi/challenge-platform/h/g/pat/9e12346fc86cea25/1774318912203/14202de4bcac07a5ec4c5d0c0c5ba40f45f14c49d1e948d593c7849c9b0a6251/nW5RSe_MVf757oQ:0
[ 1630476ms] [WARNING] The resource https://challenges.cloudflare.com/cdn-cgi/challenge-platform/h/g/cmg/1 was preloaded using link preload but not used within a few seconds from the window's load event. Please make sure it has an appropriate `as` value and it is preloaded intentionally. @ https://challenges.cloudflare.com/cdn-cgi/challenge-platform/h/g/turnstile/f/ov2/av0/rch/9qh1z/0x4AAAAAAAJel0iaAR3mgkjp/light/fbE/api/flexible?lang=auto:0
[ 1748357ms] [ERROR] Failed to load resource: the server responded with a status of 401 () @ https://challenges.cloudflare.com/cdn-cgi/challenge-platform/h/g/pat/9e123777cf5230c2/1774319036538/e9c883af28d8b037f6cd4f9289a88eec2d3282c28dd14e30abe16d3d58652bc1/VLs7XJDofRLAdn_:0
[ 1748986ms] [ERROR]  Note that 'script-src' was not explicitly set, so 'default-src' is used as a fallback. @ https://challenges.cloudflare.com/cdn-cgi/challenge-platform/h/g/turnstile/f/ov2/av0/rch/9qh1z/0x4AAAAAAAJel0iaAR3mgkjp/light/fbE/api/flexible?lang=auto:0
[ 1749403ms] [ERROR] %c%d font-size:0;color:transparent NaN @ https://challenges.cloudflare.com/cdn-cgi/challenge-platform/h/g/turnstile/f/ov2/av0/rch/9qh1z/0x4AAAAAAAJel0iaAR3mgkjp/light/fbE/api/flexible?lang=auto:0
[ 1749404ms] [ERROR] %c%d font-size:0;color:transparent NaN @ https://challenges.cloudflare.com/cdn-cgi/challenge-platform/h/g/turnstile/f/ov2/av0/rch/9qh1z/0x4AAAAAAAJel0iaAR3mgkjp/light/fbE/api/flexible?lang=auto:0
[ 1749407ms] [WARNING] %c%d font-size:0;color:transparent NaN @ https://challenges.cloudflare.com/cdn-cgi/challenge-platform/h/g/turnstile/f/ov2/av0/rch/9qh1z/0x4AAAAAAAJel0iaAR3mgkjp/light/fbE/api/flexible?lang=auto:0
[ 1749407ms] [WARNING] %c%d font-size:0;color:transparent NaN @ https://challenges.cloudflare.com/cdn-cgi/challenge-platform/h/g/turnstile/f/ov2/av0/rch/9qh1z/0x4AAAAAAAJel0iaAR3mgkjp/light/fbE/api/flexible?lang=auto:0
[ 1757826ms] [WARNING] The resource https://challenges.cloudflare.com/cdn-cgi/challenge-platform/h/g/cmg/1 was preloaded using link preload but not used within a few seconds from the window's load event. Please make sure it has an appropriate `as` value and it is preloaded intentionally. @ https://challenges.cloudflare.com/cdn-cgi/challenge-platform/h/g/turnstile/f/ov2/av0/rch/9qh1z/0x4AAAAAAAJel0iaAR3mgkjp/light/fbE/api/flexible?lang=auto:0
[ 1875564ms] [ERROR] Failed to load resource: the server responded with a status of 401 () @ https://challenges.cloudflare.com/cdn-cgi/challenge-platform/h/g/pat/9e123a94ca4c3275/1774319163926/c113c001b27e78b434fe001897a01bcfc63b26e7282c7e162d0312bbaf561296/AR6YoTYHlOYonah:0
[ 1875900ms] [ERROR]  Note that 'script-src' was not explicitly set, so 'default-src' is used as a fallback. @ https://challenges.cloudflare.com/cdn-cgi/challenge-platform/h/g/turnstile/f/ov2/av0/rch/9qh1z/0x4AAAAAAAJel0iaAR3mgkjp/light/fbE/api/flexible?lang=auto:0
[ 1876232ms] [ERROR] %c%d font-size:0;color:transparent NaN @ https://challenges.cloudflare.com/cdn-cgi/challenge-platform/h/g/turnstile/f/ov2/av0/rch/9qh1z/0x4AAAAAAAJel0iaAR3mgkjp/light/fbE/api/flexible?lang=auto:0
[ 1876232ms] [ERROR] %c%d font-size:0;color:transparent NaN @ https://challenges.cloudflare.com/cdn-cgi/challenge-platform/h/g/turnstile/f/ov2/av0/rch/9qh1z/0x4AAAAAAAJel0iaAR3mgkjp/light/fbE/api/flexible?lang=auto:0
[ 1876239ms] [WARNING] %c%d font-size:0;color:transparent NaN @ https://challenges.cloudflare.com/cdn-cgi/challenge-platform/h/g/turnstile/f/ov2/av0/rch/9qh1z/0x4AAAAAAAJel0iaAR3mgkjp/light/fbE/api/flexible?lang=auto:0
[ 1876239ms] [WARNING] %c%d font-size:0;color:transparent NaN @ https://challenges.cloudflare.com/cdn-cgi/challenge-platform/h/g/turnstile/f/ov2/av0/rch/9qh1z/0x4AAAAAAAJel0iaAR3mgkjp/light/fbE/api/flexible?lang=auto:0
[ 1884690ms] [WARNING] The resource https://challenges.cloudflare.com/cdn-cgi/challenge-platform/h/g/cmg/1 was preloaded using link preload but not used within a few seconds from the window's load event. Please make sure it has an appropriate `as` value and it is preloaded intentionally. @ https://challenges.cloudflare.com/cdn-cgi/challenge-platform/h/g/turnstile/f/ov2/av0/rch/9qh1z/0x4AAAAAAAJel0iaAR3mgkjp/light/fbE/api/flexible?lang=auto:0
[ 2002191ms] [ERROR]  Note that 'script-src' was not explicitly set, so 'default-src' is used as a fallback. @ https://challenges.cloudflare.com/cdn-cgi/challenge-platform/h/g/turnstile/f/ov2/av0/rch/9qh1z/0x4AAAAAAAJel0iaAR3mgkjp/light/fbE/api/flexible?lang=auto:0
[ 2002512ms] [ERROR] Failed to load resource: the server responded with a status of 401 () @ https://challenges.cloudflare.com/cdn-cgi/challenge-platform/h/g/pat/9e123dacaf4cea2d/1774319290630/9eba54a91133b3c471eff495282f9141a1b3afd9b31f27c6ace72807044e72a7/JVqfF7barDEU7MW:0
[ 2002532ms] [ERROR] %c%d font-size:0;color:transparent NaN @ https://challenges.cloudflare.com/cdn-cgi/challenge-platform/h/g/turnstile/f/ov2/av0/rch/9qh1z/0x4AAAAAAAJel0iaAR3mgkjp/light/fbE/api/flexible?lang=auto:0
[ 2002532ms] [ERROR] %c%d font-size:0;color:transparent NaN @ https://challenges.cloudflare.com/cdn-cgi/challenge-platform/h/g/turnstile/f/ov2/av0/rch/9qh1z/0x4AAAAAAAJel0iaAR3mgkjp/light/fbE/api/flexible?lang=auto:0
[ 2002534ms] [WARNING] %c%d font-size:0;color:transparent NaN @ https://challenges.cloudflare.com/cdn-cgi/challenge-platform/h/g/turnstile/f/ov2/av0/rch/9qh1z/0x4AAAAAAAJel0iaAR3mgkjp/light/fbE/api/flexible?lang=auto:0
[ 2002534ms] [WARNING] %c%d font-size:0;color:transparent NaN @ https://challenges.cloudflare.com/cdn-cgi/challenge-platform/h/g/turnstile/f/ov2/av0/rch/9qh1z/0x4AAAAAAAJel0iaAR3mgkjp/light/fbE/api/flexible?lang=auto:0
[ 2006153ms] [WARNING] The resource https://challenges.cloudflare.com/cdn-cgi/challenge-platform/h/g/cmg/1 was preloaded using link preload but not used within a few seconds from the window's load event. Please make sure it has an appropriate `as` value and it is preloaded intentionally. @ https://challenges.cloudflare.com/cdn-cgi/challenge-platform/h/g/turnstile/f/ov2/av0/rch/9qh1z/0x4AAAAAAAJel0iaAR3mgkjp/light/fbE/api/flexible?lang=auto:0
[ 2009223ms] [WARNING] The resource https://challenges.cloudflare.com/cdn-cgi/challenge-platform/h/g/cmg/1 was preloaded using link preload but not used within a few seconds from the window's load event. Please make sure it has an appropriate `as` value and it is preloaded intentionally. @ https://challenges.cloudflare.com/cdn-cgi/challenge-platform/h/g/turnstile/f/ov2/av0/rch/9qh1z/0x4AAAAAAAJel0iaAR3mgkjp/light/fbE/api/flexible?lang=auto:0
