[    6529ms] [ERROR] Failed to load resource: the server responded with a status of 500 (Internal Server Error) @ http://localhost:3000/:0
[    7813ms] ModuleParseError: Module parse failed: Unexpected character '@' (1:0)
File was processed with these loaders:
 * ./node_modules/next/dist/build/webpack/loaders/next-flight-css-loader.js
You may need an additional loader to handle the result of these loaders.
> @import url('https://cdn.jsdelivr.net/gh/orioncactus/pretendard@v1.3.9/dist/web/variable/pretendardvariable-dynamic-subset.min.css');
| 
| /* ═══════════════════════════════════
    at <unknown> (File was processed with these loaders:)
    at handleParseError (file://C:\Users\user\gov-jjyu\node_modules\next\dist\compiled\webpack\bundle5.js:28:403799)
    at <unknown> (file://C:\Users\user\gov-jjyu\node_modules\next\dist\compiled\webpack\bundle5.js:28:405546)
    at processResult (file://C:\Users\user\gov-jjyu\node_modules\next\dist\compiled\webpack\bundle5.js:28:401241)
    at <unknown> (file://C:\Users\user\gov-jjyu\node_modules\next\dist\compiled\webpack\bundle5.js:28:402302)
    at <unknown> (file://C:\Users\user\gov-jjyu\node_modules\next\dist\compiled\loader-runner\LoaderRunner.js:1:8727)
    at iterateNormalLoaders (file://C:\Users\user\gov-jjyu\node_modules\next\dist\compiled\loader-runner\LoaderRunner.js:1:5565)
    at iterateNormalLoaders (file://C:\Users\user\gov-jjyu\node_modules\next\dist\compiled\loader-runner\LoaderRunner.js:1:5650)
    at <unknown> (file://C:\Users\user\gov-jjyu\node_modules\next\dist\compiled\loader-runner\LoaderRunner.js:1:5879)
    at runSyncOrAsync (file://C:\Users\user\gov-jjyu\node_modules\next\dist\compiled\loader-runner\LoaderRunner.js:1:4293)
    at iterateNormalLoaders (file://C:\Users\user\gov-jjyu\node_modules\next\dist\compiled\loader-runner\LoaderRunner.js:1:5782)
    at <unknown> (file://C:\Users\user\gov-jjyu\node_modules\next\dist\compiled\loader-runner\LoaderRunner.js:1:5426)
    at <unknown> (file://C:\Users\user\gov-jjyu\node_modules\next\dist\compiled\webpack\bundle5.js:28:401777)
    at eval (file://C:\Users\user\gov-jjyu\node_modules\next\dist\compiled\webpack\bundle5.js:13:28858)
    at Array.<anonymous> (file://C:\Users\user\gov-jjyu\node_modules\next\dist\build\webpack\plugins\profiling-plugin.js:179:29)
    at runCallbacks (file://C:\Users\user\gov-jjyu\node_modules\next\dist\compiled\webpack\bundle5.js:1:167959)
    at <unknown> (file://C:\Users\user\gov-jjyu\node_modules\next\dist\compiled\webpack\bundle5.js:1:170086)
    at <unknown> (file://C:\Users\user\gov-jjyu\node_modules\next\dist\compiled\webpack\bundle5.js:1:268942)
    at FSReqCallback.readFileAfterClose [as oncomplete] (node:internal/fs/read/context:68:3)
[    7817ms] [ERROR] ./app/globals.css
Module parse failed: Unexpected character '@' (1:0)
> @import url('https://cdn.jsdelivr.net/gh/orioncactus/pretendard@v1.3.9/dist/web/variable/pretendardvariable-dynamic-subset.min.css');
| 
| /* ═══════════════════════════════════ @ webpack-internal:///./node_modules/next/dist/client/components/react-dev-overlay/internal/helpers/hydration-error-info.js:62
[    7862ms] [ERROR] Failed to load resource: the server responded with a status of 404 (Not Found) @ http://localhost:3000/favicon.ico:0
[   90812ms] [ERROR] Failed to load resource: the server responded with a status of 400 (Bad Request) @ http://localhost:3000/__nextjs_original-stack-frame?isServer=true&isEdgeServer=false&isAppDirectory=false&errorMessage=ModuleParseError%3A+Module+parse+failed%3A+Unexpected+character+%27%40%27+%281%3A0%29%0AFile+was+processed+with+these+loaders%3A%0A+*+.%2Fnode_modules%2Fnext%2Fdist%2Fbuild%2Fwebpack%2Floaders%2Fnext-flight-css-loader.js%0AYou+may+need+an+additional+loader+to+handle+the+result+of+these+loaders.%0A%3E+%40import+url%28%27https%3A%2F%2Fcdn.jsdelivr.net%2Fgh%2Forioncactus%2Fpretendard%40v1.3.9%2Fdist%2Fweb%2Fvariable%2Fpretendardvariable-dynamic-subset.min.css%27%29%3B%0A%7C+%0A%7C+%2F*+%E2%95%90%E2%95%90%E2%95%90%E2%95%90%E2%95%90%E2%95%90%E2%95%90%E2%95%90%E2%95%90%E2%95%90%E2%95%90%E2%95%90%E2%95%90%E2%95%90%E2%95%90%E2%95%90%E2%95%90%E2%95%90%E2%95%90%E2%95%90%E2%95%90%E2%95%90%E2%95%90%E2%95%90%E2%95%90%E2%95%90%E2%95%90%E2%95%90%E2%95%90%E2%95%90%E2%95%90%E2%95%90%E2%95%90%E2%95%90%E2%95%90&file=File+was+processed+with+these+loaders%3A&methodName=%3Cunknown%3E&arguments=&lineNumber=&column=:0
[   90986ms] [ERROR] Failed to load resource: the server responded with a status of 400 (Bad Request) @ http://localhost:3000/__nextjs_original-stack-frame?isServer=true&isEdgeServer=false&isAppDirectory=false&errorMessage=ModuleParseError%3A+Module+parse+failed%3A+Unexpected+character+%27%40%27+%281%3A0%29%0AFile+was+processed+with+these+loaders%3A%0A+*+.%2Fnode_modules%2Fnext%2Fdist%2Fbuild%2Fwebpack%2Floaders%2Fnext-flight-css-loader.js%0AYou+may+need+an+additional+loader+to+handle+the+result+of+these+loaders.%0A%3E+%40import+url%28%27https%3A%2F%2Fcdn.jsdelivr.net%2Fgh%2Forioncactus%2Fpretendard%40v1.3.9%2Fdist%2Fweb%2Fvariable%2Fpretendardvariable-dynamic-subset.min.css%27%29%3B%0A%7C+%0A%7C+%2F*+%E2%95%90%E2%95%90%E2%95%90%E2%95%90%E2%95%90%E2%95%90%E2%95%90%E2%95%90%E2%95%90%E2%95%90%E2%95%90%E2%95%90%E2%95%90%E2%95%90%E2%95%90%E2%95%90%E2%95%90%E2%95%90%E2%95%90%E2%95%90%E2%95%90%E2%95%90%E2%95%90%E2%95%90%E2%95%90%E2%95%90%E2%95%90%E2%95%90%E2%95%90%E2%95%90%E2%95%90%E2%95%90%E2%95%90%E2%95%90%E2%95%90&file=File+was+processed+with+these+loaders%3A&methodName=%3Cunknown%3E&arguments=&lineNumber=&column=:0
[   92510ms] [ERROR] ./app/globals.css
Module parse failed: Unexpected character '@' (1:0)
> @import url('https://cdn.jsdelivr.net/gh/orioncactus/pretendard@v1.3.9/dist/web/variable/pretendardvariable-dynamic-subset.min.css');
| 
| /* ═══════════════════════════════════

Import trace for requested module:
./app/globals.css
./app/layout.tsx @ webpack-internal:///./node_modules/next/dist/client/components/react-dev-overlay/internal/helpers/hydration-error-info.js:62
[   96435ms] [ERROR] ./app/globals.css
Module parse failed: Unexpected character '@' (1:0)
> @import url('https://cdn.jsdelivr.net/gh/orioncactus/pretendard@v1.3.9/dist/web/variable/pretendardvariable-dynamic-subset.min.css');
| 
| /* ═══════════════════════════════════

Import trace for requested module:
./app/globals.css
./app/layout.tsx @ webpack-internal:///./node_modules/next/dist/client/components/react-dev-overlay/internal/helpers/hydration-error-info.js:62
[   99999ms] [ERROR] Failed to load resource: the server responded with a status of 400 (Bad Request) @ http://localhost:3000/__nextjs_original-stack-frame?isServer=true&isEdgeServer=false&isAppDirectory=false&errorMessage=ModuleParseError%3A+Module+parse+failed%3A+Unexpected+character+%27%40%27+%281%3A0%29%0AFile+was+processed+with+these+loaders%3A%0A+*+.%2Fnode_modules%2Fnext%2Fdist%2Fbuild%2Fwebpack%2Floaders%2Fnext-flight-css-loader.js%0AYou+may+need+an+additional+loader+to+handle+the+result+of+these+loaders.%0A%3E+%40import+url%28%27https%3A%2F%2Fcdn.jsdelivr.net%2Fgh%2Forioncactus%2Fpretendard%40v1.3.9%2Fdist%2Fweb%2Fvariable%2Fpretendardvariable-dynamic-subset.min.css%27%29%3B%0A%7C+%0A%7C+%2F*+%E2%95%90%E2%95%90%E2%95%90%E2%95%90%E2%95%90%E2%95%90%E2%95%90%E2%95%90%E2%95%90%E2%95%90%E2%95%90%E2%95%90%E2%95%90%E2%95%90%E2%95%90%E2%95%90%E2%95%90%E2%95%90%E2%95%90%E2%95%90%E2%95%90%E2%95%90%E2%95%90%E2%95%90%E2%95%90%E2%95%90%E2%95%90%E2%95%90%E2%95%90%E2%95%90%E2%95%90%E2%95%90%E2%95%90%E2%95%90%E2%95%90&file=File+was+processed+with+these+loaders%3A&methodName=%3Cunknown%3E&arguments=&lineNumber=&column=:0
[  100258ms] [ERROR] Failed to load resource: the server responded with a status of 400 (Bad Request) @ http://localhost:3000/__nextjs_original-stack-frame?isServer=true&isEdgeServer=false&isAppDirectory=false&errorMessage=ModuleParseError%3A+Module+parse+failed%3A+Unexpected+character+%27%40%27+%281%3A0%29%0AFile+was+processed+with+these+loaders%3A%0A+*+.%2Fnode_modules%2Fnext%2Fdist%2Fbuild%2Fwebpack%2Floaders%2Fnext-flight-css-loader.js%0AYou+may+need+an+additional+loader+to+handle+the+result+of+these+loaders.%0A%3E+%40import+url%28%27https%3A%2F%2Fcdn.jsdelivr.net%2Fgh%2Forioncactus%2Fpretendard%40v1.3.9%2Fdist%2Fweb%2Fvariable%2Fpretendardvariable-dynamic-subset.min.css%27%29%3B%0A%7C+%0A%7C+%2F*+%E2%95%90%E2%95%90%E2%95%90%E2%95%90%E2%95%90%E2%95%90%E2%95%90%E2%95%90%E2%95%90%E2%95%90%E2%95%90%E2%95%90%E2%95%90%E2%95%90%E2%95%90%E2%95%90%E2%95%90%E2%95%90%E2%95%90%E2%95%90%E2%95%90%E2%95%90%E2%95%90%E2%95%90%E2%95%90%E2%95%90%E2%95%90%E2%95%90%E2%95%90%E2%95%90%E2%95%90%E2%95%90%E2%95%90%E2%95%90%E2%95%90&file=File+was+processed+with+these+loaders%3A&methodName=%3Cunknown%3E&arguments=&lineNumber=&column=:0
[  102005ms] [ERROR] ./app/globals.css
Module parse failed: Unexpected character '@' (1:0)
> @import url('https://cdn.jsdelivr.net/gh/orioncactus/pretendard@v1.3.9/dist/web/variable/pretendardvariable-dynamic-subset.min.css');
| 
| /* ═══════════════════════════════════

Import trace for requested module:
./app/globals.css
./app/layout.tsx @ webpack-internal:///./node_modules/next/dist/client/components/react-dev-overlay/internal/helpers/hydration-error-info.js:62
[  102389ms] [ERROR] ./app/globals.css
Module parse failed: Unexpected character '@' (1:0)
> @import url('https://cdn.jsdelivr.net/gh/orioncactus/pretendard@v1.3.9/dist/web/variable/pretendardvariable-dynamic-subset.min.css');
| 
| /* ═══════════════════════════════════

Import trace for requested module:
./app/globals.css
./app/layout.tsx @ webpack-internal:///./node_modules/next/dist/client/components/react-dev-overlay/internal/helpers/hydration-error-info.js:62
[  102847ms] [ERROR] Failed to load resource: the server responded with a status of 500 (Internal Server Error) @ http://localhost:3000/_next/static/webpack/9cf2bcbcb65e74ec.webpack.hot-update.json:0
[  102848ms] [WARNING] [Fast Refresh] performing full reload

Fast Refresh will perform a full reload when you edit a file that's imported by modules outside of the React rendering tree.
You might have a file which exports a React component but also exports a value that is imported by a non-React component file.
Consider migrating the non-React component export to a separate file and importing it into both files.

It is also possible the parent component of the component you edited is a class component, which disables Fast Refresh.
Fast Refresh requires at least one parent function component in your React tree. @ webpack-internal:///./node_modules/next/dist/client/components/react-dev-overlay/pages/hot-reloader-client.js:347
[  103014ms] [ERROR] Failed to load resource: the server responded with a status of 500 (Internal Server Error) @ http://localhost:3000/:0
[  103849ms] ModuleParseError: Module parse failed: Unexpected character '@' (1:0)
File was processed with these loaders:
 * ./node_modules/next/dist/build/webpack/loaders/next-flight-css-loader.js
You may need an additional loader to handle the result of these loaders.
> @import url('https://cdn.jsdelivr.net/gh/orioncactus/pretendard@v1.3.9/dist/web/variable/pretendardvariable-dynamic-subset.min.css');
| 
| /* ═══════════════════════════════════
    at <unknown> (File was processed with these loaders:)
    at handleParseError (file://C:\Users\user\gov-jjyu\node_modules\next\dist\compiled\webpack\bundle5.js:28:403799)
    at <unknown> (file://C:\Users\user\gov-jjyu\node_modules\next\dist\compiled\webpack\bundle5.js:28:405546)
    at processResult (file://C:\Users\user\gov-jjyu\node_modules\next\dist\compiled\webpack\bundle5.js:28:401241)
    at <unknown> (file://C:\Users\user\gov-jjyu\node_modules\next\dist\compiled\webpack\bundle5.js:28:402302)
    at <unknown> (file://C:\Users\user\gov-jjyu\node_modules\next\dist\compiled\loader-runner\LoaderRunner.js:1:8727)
    at iterateNormalLoaders (file://C:\Users\user\gov-jjyu\node_modules\next\dist\compiled\loader-runner\LoaderRunner.js:1:5565)
    at iterateNormalLoaders (file://C:\Users\user\gov-jjyu\node_modules\next\dist\compiled\loader-runner\LoaderRunner.js:1:5650)
    at <unknown> (file://C:\Users\user\gov-jjyu\node_modules\next\dist\compiled\loader-runner\LoaderRunner.js:1:5879)
    at runSyncOrAsync (file://C:\Users\user\gov-jjyu\node_modules\next\dist\compiled\loader-runner\LoaderRunner.js:1:4293)
    at iterateNormalLoaders (file://C:\Users\user\gov-jjyu\node_modules\next\dist\compiled\loader-runner\LoaderRunner.js:1:5782)
    at <unknown> (file://C:\Users\user\gov-jjyu\node_modules\next\dist\compiled\loader-runner\LoaderRunner.js:1:5426)
    at <unknown> (file://C:\Users\user\gov-jjyu\node_modules\next\dist\compiled\webpack\bundle5.js:28:401777)
    at eval (file://C:\Users\user\gov-jjyu\node_modules\next\dist\compiled\webpack\bundle5.js:13:28858)
    at Array.<anonymous> (file://C:\Users\user\gov-jjyu\node_modules\next\dist\build\webpack\plugins\profiling-plugin.js:179:29)
    at runCallbacks (file://C:\Users\user\gov-jjyu\node_modules\next\dist\compiled\webpack\bundle5.js:1:167959)
    at <unknown> (file://C:\Users\user\gov-jjyu\node_modules\next\dist\compiled\webpack\bundle5.js:1:170086)
    at <unknown> (file://C:\Users\user\gov-jjyu\node_modules\next\dist\compiled\webpack\bundle5.js:1:268942)
    at FSReqCallback.readFileAfterClose [as oncomplete] (node:internal/fs/read/context:68:3)
[  103871ms] [ERROR] ./app/globals.css
Module parse failed: Unexpected character '@' (1:0)
> @import url('https://cdn.jsdelivr.net/gh/orioncactus/pretendard@v1.3.9/dist/web/variable/pretendardvariable-dynamic-subset.min.css');
| 
| /* ═══════════════════════════════════ @ webpack-internal:///./node_modules/next/dist/client/components/react-dev-overlay/internal/helpers/hydration-error-info.js:62
