[     425ms] [ERROR] Failed to load resource: the server responded with a status of 500 (Internal Server Error) @ http://localhost:3000/:0
[    1641ms] ModuleParseError: Module parse failed: Unexpected character '@' (1:0)
File was processed with these loaders:
 * ./node_modules/next/dist/build/webpack/loaders/next-flight-css-loader.js
You may need an additional loader to handle the result of these loaders.
> @tailwind base;
| @tailwind components;
| @tailwind utilities;
    at <unknown> (File was processed with these loaders:)
    at handleParseError (file://C:\Users\user\gov-jjyu\node_modules\next\dist\compiled\webpack\bundle5.js:28:403799)
    at <unknown> (file://C:\Users\user\gov-jjyu\node_modules\next\dist\compiled\webpack\bundle5.js:28:405546)
    at processResult (file://C:\Users\user\gov-jjyu\node_modules\next\dist\compiled\webpack\bundle5.js:28:401241)
    at <unknown> (file://C:\Users\user\gov-jjyu\node_modules\next\dist\compiled\webpack\bundle5.js:28:402302)
    at <unknown> (file://C:\Users\user\gov-jjyu\node_modules\next\dist\compiled\loader-runner\LoaderRunner.js:1:8727)
    at iterateNormalLoaders (file://C:\Users\user\gov-jjyu\node_modules\next\dist\compiled\loader-runner\LoaderRunner.js:1:5565)
    at iterateNormalLoaders (file://C:\Users\user\gov-jjyu\node_modules\next\dist\compiled\loader-runner\LoaderRunner.js:1:5650)
    at <unknown> (file://C:\Users\user\gov-jjyu\node_modules\next\dist\compiled\loader-runner\LoaderRunner.js:1:5879)
    at runSyncOrAsync (file://C:\Users\user\gov-jjyu\node_modules\next\dist\compiled\loader-runner\LoaderRunner.js:1:4293)
    at iterateNormalLoaders (file://C:\Users\user\gov-jjyu\node_modules\next\dist\compiled\loader-runner\LoaderRunner.js:1:5782)
    at <unknown> (file://C:\Users\user\gov-jjyu\node_modules\next\dist\compiled\loader-runner\LoaderRunner.js:1:5426)
    at <unknown> (file://C:\Users\user\gov-jjyu\node_modules\next\dist\compiled\webpack\bundle5.js:28:401777)
    at eval (file://C:\Users\user\gov-jjyu\node_modules\next\dist\compiled\webpack\bundle5.js:13:28858)
    at Array.<anonymous> (file://C:\Users\user\gov-jjyu\node_modules\next\dist\build\webpack\plugins\profiling-plugin.js:179:29)
    at runCallbacks (file://C:\Users\user\gov-jjyu\node_modules\next\dist\compiled\webpack\bundle5.js:1:167959)
    at <unknown> (file://C:\Users\user\gov-jjyu\node_modules\next\dist\compiled\webpack\bundle5.js:1:170086)
    at <unknown> (file://C:\Users\user\gov-jjyu\node_modules\next\dist\compiled\webpack\bundle5.js:1:268942)
    at FSReqCallback.readFileAfterClose [as oncomplete] (node:internal/fs/read/context:68:3)
[    1635ms] [ERROR] ./app/globals.css
Module parse failed: Unexpected character '@' (1:0)
> @tailwind base;
| @tailwind components;
| @tailwind utilities; @ webpack-internal:///./node_modules/next/dist/client/components/react-dev-overlay/internal/helpers/hydration-error-info.js:62
[    1687ms] [ERROR] Failed to load resource: the server responded with a status of 404 (Not Found) @ http://localhost:3000/favicon.ico:0
